[backblue.gif]
[fade.gif]
[index.html]
[www.maturidis.com/index.html]
[www.maturidis.com/maturidi/index.html]
[www.maturidis.com/maturidi/style.css]
[www.maturidis.com/maturidi/about.html]
[www.maturidis.com/maturidi/contact.html]
[www.maturidis.com/maturidi/images/spacer.gif]
[www.maturidis.com/maturidi/images/banner.gif]
[www.maturidis.com/maturidi/categories/articles.html]
[www.maturidis.com/maturidi/reports.html]
[www.maturidis.com/maturidi/signin.html]
[www.maturidis.com/maturidi/search.html]
[www.maturidis.com/maturidi/rss.html]
[www.maturidis.com/maturidi/articles/upeoa-mulla-ali-al-qari-d-1014-defends-ibn-taymiyyah-and-ibn-al-qayyim-from-the-slanders-of-the-oppressive-fanatics.html]
[www.maturidis.com/maturidi/authors/Admin.html]
[www.maturidis.com/maturidi/articles/jlytv-the-hanafi-maturidis-are-followers-of-the-jahmiyyah-in-sifat.html]
[www.maturidis.com/maturidi/articles/jwmkk-abu-mansur-al-maturidi-d-333h-on-imaan-faith-and-irjaa.html]
[www.maturidis.com/maturidi/authors/Maturidis.Com.html]
[www.maturidis.com/maturidi/articles/fnegp-imaam-abu-hanifah-d-150h-and-the-splitting-and-deviation-of-the-hanafis-after-him-into-diverse-factions.html]
[www.maturidis.com/maturidi/articles/biget-introduction-to-the-maturidis-part-4.html]
[www.maturidis.com/maturidi/articles/mxrkh-introduction-to-the-maturidis-part-3.html]
[www.maturidis.com/maturidi/articles/llqgg-introduction-to-the-maturidis-part-2.html]
[www.maturidis.com/maturidi/articles/ctoko-introduction-to-the-maturidis-part-1.html]
[www.maturidis.com/maturidi/tags/abu-hanifah.html]
[www.maturidis.com/maturidi/tags/abu-mansur-al-maturidi.html]
[www.maturidis.com/maturidi/tags/eemaan.html]
[www.maturidis.com/maturidi/tags/faith.html]
[www.maturidis.com/maturidi/tags/hanafi.html]
[www.maturidis.com/maturidi/tags/hanafis.html]
[www.maturidis.com/maturidi/tags/irjaa.html]
[www.maturidis.com/maturidi/tags/jahmites.html]
[www.maturidis.com/maturidi/tags/maturidis.html]
[www.maturidis.com/maturidi/tags/maturidiyyah.html]
[www.maturidis.com/maturidi/tags/mulla-ali-al-qari.html]
[www.maturidis.com/maturidi/tags/mutazilites.html]
[www.maturidis.com/maturidi/tags/shams-ud-din-al-afghani.html]
[www.maturidis.com/maturidi/tags/sifaat.html]
[www.maturidis.com/maturidi/archives/2018/01/index.html]
[www.maturidis.com/maturidi/index.html]
[www.maturidis.com/maturidi/images/bg1.gif]
[www.maturidis.com/maturidi/images/blockdefault.gif]
[www.maturidis.com/maturidi/style.css]
[www.maturidis.com/maturidi/about.html]
[www.maturidis.com/maturidi/images/captchas/GJ5ZNP.jpg]
[www.maturidis.com/maturidi/contact.html]
[www.maturidis.com/maturidi/rss/categories/articles.cfm]
[www.maturidis.com/maturidi/images/rssicon1.gif]
[www.maturidis.com/maturidi/categories/articles.html]
[www.maturidis.com/maturidi/reports.html]
[www.maturidis.com/maturidi/signin.html]
[www.maturidis.com/maturidi/search.html]
[www.maturidis.com/maturidi/rss.html]
[www.maturidis.com/maturidi/rss/index.html]
[www.maturidis.com/maturidi/print1792.html]
[www.maturidis.com/maturidi/assets/images/al-hamd-salat.gif]
[www.maturidis.com/maturidi/assets/docs/maturidi-aliqari.pdf]
[www.maturidis.com/maturidi/assets/images/maturidi-aliqari.png]
[www.maturidis.com/maturidi/articles/upeoa-mulla-ali-al-qari-d-1014-defends-ibn-taymiyyah-and-ibn-al-qayyim-from-the-slanders-of-the-oppressive-fanatics.html]
[www.maturidis.com/maturidi/authors/Admin.html]
[www.maturidis.com/maturidi/print3b22.html]
[www.maturidis.com/maturidi/assets/docs/maturidi-creed-tirmidhi.pdf]
[www.maturidis.com/maturidi/assets/images/maturidi-creed-tirmidhi.png]
[www.maturidis.com/maturidi/articles/jlytv-the-hanafi-maturidis-are-followers-of-the-jahmiyyah-in-sifat.html]
[www.maturidis.com/maturidi/printfe40.html]
[www.maturidis.com/maturidi/assets/images/kitab-tawhid-maturidi-cover.gif]
[www.maturidis.com/maturidi/assets/images/maturidi-tawhid-eemaan-irjaa-0.gif]
[www.maturidis.com/maturidi/images/quote-start.gif]
[www.maturidis.com/maturidi/assets/images/maturidi-tawhid-eemaan-irjaa-tasdeeq-p473.gif]
[www.maturidis.com/maturidi/assets/images/maturidi-tawhid-eemaan-irjaa-tasdeeq-p475.gif]
[www.maturidis.com/maturidi/images/qnstart.gif]
[www.maturidis.com/maturidi/images/qnend.gif]
[www.maturidis.com/maturidi/articles/jwmkk-abu-mansur-al-maturidi-d-333h-on-imaan-faith-and-irjaa.html]
[www.maturidis.com/maturidi/authors/Maturidis.Com.html]
[www.maturidis.com/maturidi/printfd7a.html]
[www.maturidis.com/maturidi/assets/images/avatar-brown.gif]
[www.maturidis.com/maturidi/articles/fnegp-imaam-abu-hanifah-d-150h-and-the-splitting-and-deviation-of-the-hanafis-after-him-into-diverse-factions.html]
[www.maturidis.com/maturidi/print779f.html]
[www.maturidis.com/maturidi/articles/biget-introduction-to-the-maturidis-part-4.html]
[www.maturidis.com/maturidi/print4a17.html]
[www.maturidis.com/maturidi/articles/mxrkh-introduction-to-the-maturidis-part-3.html]
[www.maturidis.com/maturidi/print45c9.html]
[www.maturidis.com/maturidi/articles/llqgg-introduction-to-the-maturidis-part-2.html]
[www.maturidis.com/maturidi/print4349.html]
[www.maturidis.com/maturidi/articles/ctoko-introduction-to-the-maturidis-part-1.html]
[www.maturidis.com/maturidi/rss/tags/abu-hanifah.cfm]
[www.maturidis.com/maturidi/tags/abu-hanifah.html]
[www.maturidis.com/maturidi/rss/tags/abu-mansur-al-maturidi.cfm]
[www.maturidis.com/maturidi/tags/abu-mansur-al-maturidi.html]
[www.maturidis.com/maturidi/rss/tags/eemaan.cfm]
[www.maturidis.com/maturidi/tags/eemaan.html]
[www.maturidis.com/maturidi/rss/tags/faith.cfm]
[www.maturidis.com/maturidi/tags/faith.html]
[www.maturidis.com/maturidi/rss/tags/hanafi.cfm]
[www.maturidis.com/maturidi/tags/hanafi.html]
[www.maturidis.com/maturidi/rss/tags/hanafis.cfm]
[www.maturidis.com/maturidi/tags/hanafis.html]
[www.maturidis.com/maturidi/rss/tags/irjaa.cfm]
[www.maturidis.com/maturidi/tags/irjaa.html]
[www.maturidis.com/maturidi/rss/tags/jahmites.cfm]
[www.maturidis.com/maturidi/tags/jahmites.html]
[www.maturidis.com/maturidi/rss/tags/maturidis.cfm]
[www.maturidis.com/maturidi/tags/maturidis.html]
[www.maturidis.com/maturidi/rss/tags/maturidiyyah.cfm]
[www.maturidis.com/maturidi/tags/maturidiyyah.html]
[www.maturidis.com/maturidi/rss/tags/mulla-ali-al-qari.cfm]
[www.maturidis.com/maturidi/tags/mulla-ali-al-qari.html]
[www.maturidis.com/maturidi/rss/tags/mutazilites.cfm]
[www.maturidis.com/maturidi/tags/mutazilites.html]
[www.maturidis.com/maturidi/rss/tags/shams-ud-din-al-afghani.cfm]
[www.maturidis.com/maturidi/tags/shams-ud-din-al-afghani.html]
[www.maturidis.com/maturidi/rss/tags/sifaat.cfm]
[www.maturidis.com/maturidi/tags/sifaat.html]
[www.maturidis.com/maturidi/archives/2025/08.html]
[www.maturidis.com/maturidi/archives/2025/07.html]
[www.maturidis.com/maturidi/archives/2025/06.html]
[www.maturidis.com/maturidi/archives/2025/05.html]
[www.maturidis.com/maturidi/archives/2025/04.html]
[www.maturidis.com/maturidi/archives/2025/03.html]
[www.maturidis.com/maturidi/archives/2025/02.html]
[www.maturidis.com/maturidi/archives/2025/01.html]
[www.maturidis.com/maturidi/archives/2024/12.html]
[www.maturidis.com/maturidi/archives/2024/11.html]
[www.maturidis.com/maturidi/archives/2024/10.html]
[www.maturidis.com/maturidi/archives/2024/09.html]
[www.maturidis.com/maturidi/archives/2024/08.html]
[www.maturidis.com/maturidi/archives/2024/07.html]
[www.maturidis.com/maturidi/archives/2024/06.html]
[www.maturidis.com/maturidi/archives/2024/05.html]
[www.maturidis.com/maturidi/archives/2024/04.html]
[www.maturidis.com/maturidi/archives/2024/03.html]
[www.maturidis.com/maturidi/archives/2024/02.html]
[www.maturidis.com/maturidi/archives/2024/01.html]
[www.maturidis.com/maturidi/archives/2023/12.html]
[www.maturidis.com/maturidi/archives/2023/11.html]
[www.maturidis.com/maturidi/archives/2023/10.html]
[www.maturidis.com/maturidi/archives/2023/09.html]
[www.maturidis.com/maturidi/archives/2023/08.html]
[www.maturidis.com/maturidi/archives/2023/07.html]
[www.maturidis.com/maturidi/archives/2023/06.html]
[www.maturidis.com/maturidi/archives/2023/05.html]
[www.maturidis.com/maturidi/archives/2023/04.html]
[www.maturidis.com/maturidi/archives/2023/03.html]
[www.maturidis.com/maturidi/archives/2023/02.html]
[www.maturidis.com/maturidi/archives/2023/01.html]
[www.maturidis.com/maturidi/archives/2022/12.html]
[www.maturidis.com/maturidi/archives/2022/11.html]
[www.maturidis.com/maturidi/archives/2022/10.html]
[www.maturidis.com/maturidi/archives/2022/09.html]
[www.maturidis.com/maturidi/archives/2022/08.html]
[www.maturidis.com/maturidi/archives/2022/07.html]
[www.maturidis.com/maturidi/archives/2022/06.html]
[www.maturidis.com/maturidi/archives/2022/05.html]
[www.maturidis.com/maturidi/archives/2022/04.html]
[www.maturidis.com/maturidi/archives/2022/03.html]
[www.maturidis.com/maturidi/archives/2022/02.html]
[www.maturidis.com/maturidi/archives/2022/01.html]
[www.maturidis.com/maturidi/archives/2021/12.html]
[www.maturidis.com/maturidi/archives/2021/11.html]
[www.maturidis.com/maturidi/archives/2021/10.html]
[www.maturidis.com/maturidi/archives/2021/09.html]
[www.maturidis.com/maturidi/archives/2021/08.html]
[www.maturidis.com/maturidi/archives/2021/07.html]
[www.maturidis.com/maturidi/archives/2021/06.html]
[www.maturidis.com/maturidi/archives/2021/05.html]
[www.maturidis.com/maturidi/archives/2021/04.html]
[www.maturidis.com/maturidi/archives/2021/03.html]
[www.maturidis.com/maturidi/archives/2021/02.html]
[www.maturidis.com/maturidi/archives/2021/01.html]
[www.maturidis.com/maturidi/archives/2020/12.html]
[www.maturidis.com/maturidi/archives/2020/11.html]
[www.maturidis.com/maturidi/archives/2020/10.html]
[www.maturidis.com/maturidi/archives/2020/09.html]
[www.maturidis.com/maturidi/archives/2020/08.html]
[www.maturidis.com/maturidi/archives/2020/07.html]
[www.maturidis.com/maturidi/archives/2020/06.html]
[www.maturidis.com/maturidi/archives/2020/05.html]
[www.maturidis.com/maturidi/archives/2020/04.html]
[www.maturidis.com/maturidi/archives/2020/03.html]
[www.maturidis.com/maturidi/archives/2020/02.html]
[www.maturidis.com/maturidi/archives/2020/01.html]
[www.maturidis.com/maturidi/archives/2019/12.html]
[www.maturidis.com/maturidi/archives/2019/11.html]
[www.maturidis.com/maturidi/archives/2019/10.html]
[www.maturidis.com/maturidi/archives/2019/09.html]
[www.maturidis.com/maturidi/archives/2019/08.html]
[www.maturidis.com/maturidi/archives/2019/07.html]
[www.maturidis.com/maturidi/archives/2019/06.html]
[www.maturidis.com/maturidi/archives/2019/05.html]
[www.maturidis.com/maturidi/archives/2019/04.html]
[www.maturidis.com/maturidi/archives/2019/03.html]
[www.maturidis.com/maturidi/archives/2019/02.html]
[www.maturidis.com/maturidi/archives/2019/01.html]
[www.maturidis.com/maturidi/archives/2018/12.html]
[www.maturidis.com/maturidi/archives/2018/11.html]
[www.maturidis.com/maturidi/archives/2018/10.html]
[www.maturidis.com/maturidi/archives/2018/09.html]
[www.maturidis.com/maturidi/archives/2018/08.html]
[www.maturidis.com/maturidi/archives/2018/07.html]
[www.maturidis.com/maturidi/archives/2018/06.html]
[www.maturidis.com/maturidi/archives/2018/05.html]
[www.maturidis.com/maturidi/archives/2018/04.html]
[www.maturidis.com/maturidi/archives/2018/03.html]
[www.maturidis.com/maturidi/archives/2018/02.html]
[www.maturidis.com/maturidi/archives/2018/01/index.html]
[www.maturidis.com/maturidi/archives/2017/12.html]
[www.maturidis.com/maturidi/archives/2017/11.html]
[www.maturidis.com/maturidi/archives/2017/10.html]
[www.maturidis.com/maturidi/archives/2017/09.html]
[www.maturidis.com/maturidi/archives/2017/08.html]
[www.maturidis.com/maturidi/archives/2017/07.html]
[www.maturidis.com/maturidi/archives/2017/06.html]
[www.maturidis.com/maturidi/archives/2017/05.html]
[www.maturidis.com/maturidi/images/checkmarkbox.html]
[www.maturidis.com/maturidi/images/blockactive.html]
[www.maturidis.com/maturidi/images/bg-tag.html]
[www.maturidis.com/maturidi/index1fda.html]
[www.maturidis.com/maturidi/GJ5ZNP.html]
[www.maturidis.com/maturidi/styleprint.css]
[www.maturidis.com/maturidi/images/printheader.jpg]
[www.maturidis.com/maturidi/print1792.html]
[www.maturidis.com/maturidi/print3b22.html]
[www.maturidis.com/maturidi/printfe40.html]
[www.maturidis.com/maturidi/printfd7a.html]
[www.maturidis.com/maturidi/print779f.html]
[www.maturidis.com/maturidi/print4a17.html]
[www.maturidis.com/maturidi/print45c9.html]
[www.maturidis.com/maturidi/print4349.html]
[www.maturidis.com/maturidi/articles/index.html]
[www.maturidis.com/maturidi/tags.html]
[www.maturidis.com/maturidi/styleprint.css]
[s7.addthis.com/static/btn/v2/lg-share-en.gif]
[s7.addthis.com/js/250/addthis_widget.js]
