[www.prophetmuhammad.name/index.html]
[backblue.gif]
[fade.gif]
[index.html]
[www.prophetmuhammad.name/assets/backgrounds/white-grey-bg.gif]
[www.prophetmuhammad.name/css/global.css]
[www.prophetmuhammad.name/layout/default/style.css]
[www.prophetmuhammad.name/images/spacer.gif]
[www.prophetmuhammad.name/assets/banners/pname-banner.jpg]
[www.prophetmuhammad.name/categories/at-articles.html]
[www.prophetmuhammad.name/categories/uo-biography.html]
[www.prophetmuhammad.name/categories/su-history.html]
[www.prophetmuhammad.name/categories/ua-misconceptions.html]
[www.prophetmuhammad.name/categories/eq-resources.html]
[www.prophetmuhammad.name/newsarchive.html]
[www.prophetmuhammad.name/reports.html]
[www.prophetmuhammad.name/contact.html]
[www.prophetmuhammad.name/assets/images/pencils-do-not-harm.jpg]
[www.prophetmuhammad.name/articles/lqjskzy-a-notification-that-king-richard-ii-king-john-and-european-royalty-were-not-pedophiles.html]
[www.prophetmuhammad.name/articles/zivzlnd-the-100-word-eulogy-of-the-prophet-muhammad-by-emperor-hongwu-of-china-1368-1398.html]
[www.prophetmuhammad.name/articles/eonijus-professor-of-jewish-studies-david-j-wasserstein-how-islam-saved-the-jews.html]
[www.prophetmuhammad.name/articles/xqvipdx-an-encyclopedia-of-the-virtuous-qualities-of-prophet-muhammad.html]
[www.prophetmuhammad.name/articles/eoohmwi-the-obligation-of-muslims-in-non-muslim-lands.html]
[www.prophetmuhammad.name/articles/onhisrq-us-mans-passion-for-islam-ignited-after-reading-the-noble-revered-prophet-of-islam-muhammad.html]
[www.prophetmuhammad.name/articles/lhukoxg-ibn-taymiyyah-as-for-today-most-people-do-not-recognize-the-kharijites.html]
[www.prophetmuhammad.name/articles/wacapwl-it-is-false-witness-and-a-great-lie-to-call-the-kharijites-in-syria-and-iraq-the-islamic-state.html]
[www.prophetmuhammad.name/articles/pedftmy-shaykh-al-islaam-ibn-taymiyyah-the-kharijite-terrorists-are-more-evil-than-sinful-muslims-rulers-or-ruled.html]
[www.prophetmuhammad.name/articles/rdyzbry-in-the-shariah-of-muhammad-kharijite-terrorists-more-evil-than-sinful-muslims.html]
[www.prophetmuhammad.name/articles/yamtaxs-the-prophets-excommunication-of-the-kharijite-terrorists.html]
[www.prophetmuhammad.name/articles/acyynex-cover-letter-template-for-the-prophet-of-islam-book.html]
[www.prophetmuhammad.name/articles/ejeqjlo-muhammad-the-semitic-prophet.html]
[www.prophetmuhammad.name/articles/xqndxwi-prophet-muhammads-lineage-to-adnaan.html]
[www.prophetmuhammad.name/images/searchbutton.gif]
[www.prophetmuhammad.name/news/2015/03/1st-edition-of-the-noble-revered-prophet-of-islam-released-in-united-kingdom.html]
[www.prophetmuhammad.name/news/2015/03/1st-edition-of-the-noble-revered-prophet-of-islam-released-in-united-states.html]
[www.prophetmuhammad.name/pages/gc-about-the-book.html]
[www.prophetmuhammad.name/pages/yb-donate-books-for-distribution.html]
[www.prophetmuhammad.name/pages/ty-help-spread-the-book.html]
[www.prophetmuhammad.name/pages/mv-order-form.html]
[www.prophetmuhammad.name/pages/uq-order-form-single.html]
[www.prophetmuhammad.name/archives.html]
[www.prophetmuhammad.name/archives/2018/04/index.html]
[www.prophetmuhammad.name/archives/2017/03/index.html]
[www.prophetmuhammad.name/archives/2016/02/index.html]
[www.prophetmuhammad.name/archives/2016/01/index.html]
[www.prophetmuhammad.name/archives/2015/11/index.html]
[www.prophetmuhammad.name/archives/2015/05/index.html]
[www.prophetmuhammad.name/tags/biography.html]
[www.prophetmuhammad.name/archives/2015/03/index.html]
[www.prophetmuhammad.name/tags/kharijites.html]
[www.prophetmuhammad.name/images/white-corner-bot-left.gif]
[www.prophetmuhammad.name/images/white-corner-bot-right.gif]
[www.prophetmuhammad.name/rss.html]
[www.prophetmuhammad.name/tags.html]
[www.prophetmuhammad.name/privacy-policy.html]
[www.prophetmuhammad.name/legal-and-terms-of-use.html]
[www.prophetmuhammad.name/sitemap/sitemap.xml]
[www.prophetmuhammad.name/index.html]
[www.prophetmuhammad.name/css/global.css]
[www.prophetmuhammad.name/layout/default/images/blockdefault.gif]
[www.prophetmuhammad.name/layout/default/images/tabmenu-left.png]
[www.prophetmuhammad.name/layout/default/images/tabmenu-right.png]
[www.prophetmuhammad.name/layout/default/style.css]
[www.prophetmuhammad.name/images/crumb.gif]
[www.prophetmuhammad.name/rss/categories/at-articles.cfm]
[www.prophetmuhammad.name/images/rssicon2.gif]
[www.prophetmuhammad.name/authors/Admin.html]
[www.prophetmuhammad.name/categories/at-articles.html]
[www.prophetmuhammad.name/rss/categories/uo-biography.cfm]
[www.prophetmuhammad.name/categories/uo-biography.html]
[www.prophetmuhammad.name/rss/categories/su-history.cfm]
[www.prophetmuhammad.name/categories/su-history.html]
[www.prophetmuhammad.name/rss/categories/ua-misconceptions.cfm]
[www.prophetmuhammad.name/categories/ua-misconceptions.html]
[www.prophetmuhammad.name/rss/categories/eq-resources.cfm]
[www.prophetmuhammad.name/categories/eq-resources.html]
[www.prophetmuhammad.name/newsarchive.html]
[www.prophetmuhammad.name/reports.html]
[www.prophetmuhammad.name/rss/news/index.html]
[www.prophetmuhammad.name/images/captchas/GJ5ZNP.jpg]
[www.prophetmuhammad.name/contact.html]
[www.prophetmuhammad.name/images/mail-icon-16.gif]
[www.prophetmuhammad.name/printb221.html]
[www.prophetmuhammad.name/images/print-icon-16.gif]
[www.prophetmuhammad.name/assets/sysimages/adobe-pdf-icon.gif]
[www.prophetmuhammad.name/assets/images/marriage-book-cover.png]
[www.prophetmuhammad.name/images/social/social-twitter.png]
[www.prophetmuhammad.name/images/social/social-facebook.png]
[www.prophetmuhammad.name/images/social/social-delicious.png]
[www.prophetmuhammad.name/images/social/social-dzone.png]
[www.prophetmuhammad.name/images/social/social-stumbleupon.png]
[www.prophetmuhammad.name/images/social/social-reddit.png]
[www.prophetmuhammad.name/images/social/social-rss.png]
[www.prophetmuhammad.name/rss/index.html]
[www.prophetmuhammad.name/images/social/social-email.png]
[www.prophetmuhammad.name/articles/lqjskzy-a-notification-that-king-richard-ii-king-john-and-european-royalty-were-not-pedophiles.html]
[www.prophetmuhammad.name/print3dee.html]
[www.prophetmuhammad.name/assets/sysimages/aal-hamd.gif]
[www.prophetmuhammad.name/assets/images/pname-100-word-eulogy-a.png]
[www.prophetmuhammad.name/assets/images/pname-100-word-eulogy-b.png]
[www.prophetmuhammad.name/articles/zivzlnd-the-100-word-eulogy-of-the-prophet-muhammad-by-emperor-hongwu-of-china-1368-1398.html]
[www.prophetmuhammad.name/print9a09.html]
[www.prophetmuhammad.name/assets/images/islam-saved-jews-wasserstein.png]
[www.prophetmuhammad.name/images/quote-start.gif]
[www.prophetmuhammad.name/articles/eonijus-professor-of-jewish-studies-david-j-wasserstein-how-islam-saved-the-jews.html]
[www.prophetmuhammad.name/print7054.html]
[www.prophetmuhammad.name/assets/images/nadrah-naeem.png]
[www.prophetmuhammad.name/articles/xqvipdx-an-encyclopedia-of-the-virtuous-qualities-of-prophet-muhammad.html]
[www.prophetmuhammad.name/printfddc.html]
[www.prophetmuhammad.name/assets/images/pname-obligation-muslim-rabee.png]
[www.prophetmuhammad.name/articles/eoohmwi-the-obligation-of-muslims-in-non-muslim-lands.html]
[www.prophetmuhammad.name/printd7d5.html]
[www.prophetmuhammad.name/assets/images/jstack1.png]
[www.prophetmuhammad.name/assets/images/jstack2.png]
[www.prophetmuhammad.name/assets/images/jstack3.png]
[www.prophetmuhammad.name/articles/onhisrq-us-mans-passion-for-islam-ignited-after-reading-the-noble-revered-prophet-of-islam-muhammad.html]
[www.prophetmuhammad.name/print4de2.html]
[www.prophetmuhammad.name/articles/lhukoxg-ibn-taymiyyah-as-for-today-most-people-do-not-recognize-the-kharijites.html]
[www.prophetmuhammad.name/assets/images/pname-ibnt-recognize-kharijites.png]
[www.prophetmuhammad.name/print854f.html]
[www.prophetmuhammad.name/assets/images/pname-isis-plants-created.png]
[www.prophetmuhammad.name/articles/wacapwl-it-is-false-witness-and-a-great-lie-to-call-the-kharijites-in-syria-and-iraq-the-islamic-state.html]
[www.prophetmuhammad.name/printccf6.html]
[www.prophetmuhammad.name/assets/images/pname-kharijites-worse-b.png]
[www.prophetmuhammad.name/articles/pedftmy-shaykh-al-islaam-ibn-taymiyyah-the-kharijite-terrorists-are-more-evil-than-sinful-muslims-rulers-or-ruled.html]
[www.prophetmuhammad.name/printc67b.html]
[www.prophetmuhammad.name/assets/images/pname-kharijites-worse-a.png]
[www.prophetmuhammad.name/articles/rdyzbry-in-the-shariah-of-muhammad-kharijite-terrorists-more-evil-than-sinful-muslims.html]
[www.prophetmuhammad.name/printfe43.html]
[www.prophetmuhammad.name/assets/images/pname-takfir-khawarij.png]
[www.prophetmuhammad.name/articles/yamtaxs-the-prophets-excommunication-of-the-kharijite-terrorists.html]
[www.prophetmuhammad.name/print9dff.html]
[www.prophetmuhammad.name/assets/images/pname-cover-letter.png]
[www.prophetmuhammad.name/articles/acyynex-cover-letter-template-for-the-prophet-of-islam-book.html]
[www.prophetmuhammad.name/print9010.html]
[www.prophetmuhammad.name/assets/images/pname-semitic-prophet.png]
[www.prophetmuhammad.name/articles/ejeqjlo-muhammad-the-semitic-prophet.html]
[www.prophetmuhammad.name/printc479.html]
[www.prophetmuhammad.name/assets/images/prophet-lineage-bukhari.png]
[www.prophetmuhammad.name/articles/xqndxwi-prophet-muhammads-lineage-to-adnaan.html]
[www.prophetmuhammad.name/assets/images/pname-uk-books.png]
[www.prophetmuhammad.name/news/2015/03/1st-edition-of-the-noble-revered-prophet-of-islam-released-in-united-kingdom.html]
[www.prophetmuhammad.name/news/2015/03/1st-edition-of-the-noble-revered-prophet-of-islam-released-in-united-states.html]
[www.prophetmuhammad.name/assets/images/book-cover-250.jpg]
[www.prophetmuhammad.name/pages/gc-about-the-book.html]
[www.prophetmuhammad.name/pages/custom/cart.html]
[www.prophetmuhammad.name/assets/images/click-here-to-order.png]
[www.prophetmuhammad.name/assets/images/book-marriage-cover.png]
[www.prophetmuhammad.name/assets/images/book-this-is-islam.png]
[www.prophetmuhammad.name/assets/images/book-prophet-islam-cover.png]
[www.prophetmuhammad.name/assets/images/book-jesus-islam-cover.png]
[www.prophetmuhammad.name/assets/images/book-meaning-islam-cover.png]
[www.prophetmuhammad.name/assets/images/book-islam-isis-cover.jpg]
[www.prophetmuhammad.name/assets/images/donate-banner-2.png]
[www.prophetmuhammad.name/assets/images/ccdawah-01.png]
[www.prophetmuhammad.name/assets/images/ccdawah-02.png]
[www.prophetmuhammad.name/assets/images/ccdawah-10.png]
[www.prophetmuhammad.name/assets/images/ccdawah-09.png]
[www.prophetmuhammad.name/assets/images/ccdawah-05.png]
[www.prophetmuhammad.name/assets/images/ccdawah-06.png]
[www.prophetmuhammad.name/assets/images/ccdawah-07.png]
[www.prophetmuhammad.name/assets/images/ccdawah-08.png]
[www.prophetmuhammad.name/assets/images/ccdawah-gloucester2.png]
[www.prophetmuhammad.name/assets/images/ccdawah-cardiff2.png]
[www.prophetmuhammad.name/assets/images/ccdawah-leicester.png]
[www.prophetmuhammad.name/assets/images/ccdawah-birmingham.png]
[www.prophetmuhammad.name/pages/yb-donate-books-for-distribution.html]
[www.prophetmuhammad.name/assets/images/donate-banner.png]
[www.prophetmuhammad.name/assets/images/ccdawah-book1.png]
[www.prophetmuhammad.name/assets/images/ccdawah-abu-hakeem.png]
[www.prophetmuhammad.name/assets/images/ccdawah.png]
[www.prophetmuhammad.name/pages/ty-help-spread-the-book.html]
[www.prophetmuhammad.name/assets/images/ssl-icon.png]
[www.prophetmuhammad.name/pages/mv-order-form.html]
[www.prophetmuhammad.name/pages/uq-order-form-single.html]
[www.prophetmuhammad.name/archives.html]
[www.prophetmuhammad.name/archives/2018/04/index.html]
[www.prophetmuhammad.name/archives/2017/03/index.html]
[www.prophetmuhammad.name/archives/2016/02/index.html]
[www.prophetmuhammad.name/archives/2016/01/index.html]
[www.prophetmuhammad.name/archives/2015/11/index.html]
[www.prophetmuhammad.name/archives/2015/05/index.html]
[www.prophetmuhammad.name/archives/2015/03/index.html]
[www.prophetmuhammad.name/rss/tags/biography.cfm]
[www.prophetmuhammad.name/tags/biography.html]
[www.prophetmuhammad.name/rss/tags/kharijites.cfm]
[www.prophetmuhammad.name/tags/kharijites.html]
[www.prophetmuhammad.name/rss.html]
[www.prophetmuhammad.name/tags.html]
[www.prophetmuhammad.name/privacy-policy.html]
[www.prophetmuhammad.name/legal-and-terms-of-use.html]
[www.prophetmuhammad.name/layout/default/images/blockactive.html]
[www.prophetmuhammad.name/authors/Admin.html]
[www.prophetmuhammad.name/authors/Abu.Iyaad.html]
[www.prophetmuhammad.name/GJ5ZNP.html]
[www.prophetmuhammad.name/layout/default/styleprint.css]
[www.prophetmuhammad.name/printb221.html]
[www.prophetmuhammad.name/dldfaa8.html]
[www.prophetmuhammad.name/print3dee.html]
[www.prophetmuhammad.name/print9a09.html]
[www.prophetmuhammad.name/print7054.html]
[www.prophetmuhammad.name/printfddc.html]
[www.prophetmuhammad.name/printd7d5.html]
[www.prophetmuhammad.name/print4de2.html]
[www.prophetmuhammad.name/print854f.html]
[www.prophetmuhammad.name/printccf6.html]
[www.prophetmuhammad.name/printc67b.html]
[www.prophetmuhammad.name/printfe43.html]
[www.prophetmuhammad.name/print9dff.html]
[www.prophetmuhammad.name/dldd06e.html]
[www.prophetmuhammad.name/print9010.html]
[www.prophetmuhammad.name/printc479.html]
[maxcdn.bootstrapcdn.com/bootstrap/3.4.0/css/bootstrap.min.css]
[ajax.googleapis.com/ajax/libs/jquery/3.3.1/jquery.min.js]
[maxcdn.bootstrapcdn.com/bootstrap/3.4.0/js/bootstrap.min.js]
[www.prophetmuhammad.name/pages/custom/images/ssl-icon.png]
[www.prophetmuhammad.name/pages/custom/images/book-this-is-islam.png]
[www.prophetmuhammad.name/pages/custom/images/book-meaning-islam.png]
[www.prophetmuhammad.name/pages/custom/images/book-prophet-islam.png]
[www.prophetmuhammad.name/pages/custom/images/book-jesus-islam.png]
[www.prophetmuhammad.name/pages/custom/images/book-islam-isis.jpg]
[www.prophetmuhammad.name/pages/custom/images/book-marriage.png]
[www.prophetmuhammad.name/pages/custom/images/paypal-transp-icon.png]
[www.prophetmuhammad.name/pages/custom/cart.html]
[www.prophetmuhammad.name/layout/default/styleprint.css]
[maxcdn.bootstrapcdn.com/bootstrap/3.4.0/css/bootstrap.min.css]
[s7.addthis.com/static/btn/v2/lg-share-en.gif]
[s7.addthis.com/js/250/addthis_widget.js]
[snn/www.prophetmuhammad.name/assets/sysimages/aal-hamd.gif]
[snn/www.prophetmuhammad.name/assets/images/gtown-pbook-boxes.jpg]
