[backblue.gif]
[fade.gif]
[index.html]
[www.dajjaal.com/index.html]
[www.dajjaal.com/liar/index.html]
[www.dajjaal.com/liar/scripts/bootstrap.min.css]
[www.dajjaal.com/liar/scripts/bootstrap.min.js]
[www.dajjaal.com/liar/style.css]
[www.dajjaal.com/liar/scripts/custom.css]
[www.dajjaal.com/liar/about.html]
[www.dajjaal.com/liar/contact.html]
[www.dajjaal.com/liar/images/banner.gif]
[www.dajjaal.com/liar/categories/dajjaal.html]
[www.dajjaal.com/liar/categories/jesus-the-messiah.html]
[www.dajjaal.com/liar/categories/satan-and-the-jinn.html]
[www.dajjaal.com/liar/categories/magic-and-occult.html]
[www.dajjaal.com/liar/categories/articles.html]
[www.dajjaal.com/liar/reports.html]
[www.dajjaal.com/liar/rss.html]
[www.dajjaal.com/liar/search.html]
[www.dajjaal.com/liar/signin.html]
[www.dajjaal.com/liar/articles/feicu-prophet-solomon-the-devils-shayaateen-magic-the-angels-harut-and-marut-and-baabil-babylon.html]
[www.dajjaal.com/liar/authors/Abu.Iyaad.html]
[www.dajjaal.com/liar/articles/lixgt-bayan-talbis-al-dajaaijlah-why-and-how-hijab-and-co-conspirators-slander-people-of-the-sunnah.html]
[www.dajjaal.com/liar/articles/oykkt-shaykh-al-islam-ibn-taymiyyah-distinction-between-illusionary-tricks-involving-deception-and-those-involving-the-devils---part-2.html]
[www.dajjaal.com/liar/authors/Admin.html]
[www.dajjaal.com/liar/articles/zktic-shaykh-al-islam-ibn-taymiyyah-distinction-between--illusionary-tricks-involving-deception-and-those-involving-the-devils.html]
[www.dajjaal.com/liar/articles/czuhb-shaykh-muhammad-bin-salih-al-uthaymeen-clarification-on-issues-pertaining-to-magic-sihr.html]
[www.dajjaal.com/liar/articles/bvcox-a-refutation-of-kamal-al-mekkis-attempt-to-distinguish-between-magic-and-sorcery.html]
[www.dajjaal.com/liar/articles/zjscm-shaykh-ibn-baz-on-magic-being-major-kufr-the-types-of-this-magic-and-an-explanation-of-the-magic-known-as-taqmeer.html]
[www.dajjaal.com/liar/articles/suquy-shaykh-ibn-al-uthaymeen-sikhr-takhyeeliyy-illusionary-magic-is-true-and-real-and-has-an-actual-effect.html]
[www.dajjaal.com/liar/articles/ltnra-shaykh-abdul-azeez-al-raajihee-on-the-types-of-magic.html]
[www.dajjaal.com/liar/articles/ktuoa-shaykh-saalih-aal-al-shaykh-on-the-classification-of-magic-into-types.html]
[www.dajjaal.com/liar/articles/wivmi-shaykh-al-sadee-magic-enters-into-shirk-from-two-angles.html]
[www.dajjaal.com/liar/articles/fwsqk-shaykh-ibn-baz-on-the-two-types-of-magic-and-that-it-occurs-through-worship-of-the-devils.html]
[www.dajjaal.com/liar/articles/gdcsj-shaykh-muhammad-bin-haadee-explains-and-illustrates-al-sihr-al-takhyeeliyy-illusionary-magic.html]
[www.dajjaal.com/liar/articles/mrayz-shaykh-abdur-rahman-al-barraak-on-the-types-of-magic-and-their-ruling.html]
[www.dajjaal.com/liar/articles/xkvkx-shaykh-ibn-baz-on-the-magicians-and-what-is-intended-by-illusory-magic-al-sihr-al-takhyeeliyy.html]
[www.dajjaal.com/liar/articles/hbwcp-ibn-al-qayyim-on-the-nature-of-the-magic-of-the-magicians-of-pharoah.html]
[www.dajjaal.com/liar/articles/crdpu-shaykh-saalih-aal-al-shaykh-on-the-magic-which-expels-from-islaam.html]
[www.dajjaal.com/liar/articles/ovgju-shaykh-ibn-baz-on-the-tafseel-detailed-clarification-regarding-magic-which-constitutes-kufr.html]
[www.dajjaal.com/liar/articles/gwwua-shaykh-ibn-al-uthaymeen-on-the-magic-that-expels-from-islam-and-the-magic-which-does-not.html]
[www.dajjaal.com/liar/articles/hbvnw-shaykh-sulayman-bin-abdullaah-bin-abdul-wahhaab-on-what-constitutes-the-magic-whic-expels-from-islaam.html]
[www.dajjaal.com/liar/articles/ltfwe-imaam-al-shanqeetees-clarificatioon-and-verification-on-the-magic-that-expels-from-the-religion.html]
[www.dajjaal.com/liar/articles/ebgpf-shaykh-ibn-baz-that-which-makes-magic-to-be-kufr-is-worship-of-the-jinn-and-seeking-their-assistance.html]
[www.dajjaal.com/liar/articles/gzinc-islamic-ruqyah-for-warding-off-the-devils-and-the-magic-of-the-magicians-from-the-quran.html]
[www.dajjaal.com/liar/articles/kfqlm-rafidi-shiah-qadiani-and-sufi-propaganda-concerning-the-arrival-of-the-mahdi-the-dajjaal-and-eesa-ibn-maryam.html]
[www.dajjaal.com/liar/articles/gvokb-the-dajjaal-anti-christ-will-appear-after-70000-from-bani-ishaq-conquer-constantinople.html]
[www.dajjaal.com/liar/articles/hokgj-shaykh-salih-al-fawzan-appearance-of-the-dajjaal-is-near.html]
[www.dajjaal.com/liar/articles/rrzil-the-mutual-benefit-sought-by-the-jinn-and-men-from-each-other.html]
[www.dajjaal.com/liar/articles/rthwg-they-believe-in-al-jibt-magic-and-at-taaghoot-satan.html]
[www.dajjaal.com/liar/articles/xsxpr-the-role-of-television-in-social-engineering-predictive-programming-and-destruction-of-children-and-society.html]
[www.dajjaal.com/liar/articles/rwdah-the-historical-connection-between-ancestor-worship-shirk-astrology-magic-and-the-occult.html]
[www.dajjaal.com/liar/articles/wkytq-treating-magic-with-magic-is-haraam-unlawful.html]
[www.dajjaal.com/liar/articles/qovvu-what-a-man-or-woman-must-do-to-become-a-magician-saahir.html]
[www.dajjaal.com/liar/articles/lnhnu-some-of-the-signs-of-magicians-sorcerers-and-how-to-identify-them.html]
[www.dajjaal.com/liar/articles/phlvf-magic-sihr-has-been-present-since-the-time-of-the-prophet-noah-nuh.html]
[www.dajjaal.com/liar/articles/btvsv-shaykh-saalih-aal-ash-shaykh-on-seeking-aid-from-the-jinn.html]
[www.dajjaal.com/liar/articles/tkzgb-magic-sihr-is-true-and-real-its-meaning-and-its-ruling.html]
[www.dajjaal.com/liar/articles/eknjg-there-is-no-tribulation-greater-than-the-tribulation-of-the-dajjaal-anti-christ.html]
[www.dajjaal.com/liar/articles/mmdee-the-jinn-are-the-offspring-of-iblees-satan-and-can-appear-in-many-different-forms.html]
[www.dajjaal.com/liar/articles/bgxjt-the-whispering-of-iblis-satan-to-adam-with-four-matters.html]
[www.dajjaal.com/liar/assets/images/tv-corruption.gif]
[www.dajjaal.com/liar/images/spacer.gif]
[www.dajjaal.com/liar/assets/images/sulayman-magic-babylon.gif]
[www.dajjaal.com/liar/tags/adam.html]
[www.dajjaal.com/liar/tags/al-jibt.html]
[www.dajjaal.com/liar/tags/al-maghrib.html]
[www.dajjaal.com/liar/tags/al-maghrib-institute.html]
[www.dajjaal.com/liar/tags/anti-christ.html]
[www.dajjaal.com/liar/tags/at-taghut.html]
[www.dajjaal.com/liar/tags/baabil.html]
[www.dajjaal.com/liar/tags/babylon.html]
[www.dajjaal.com/liar/tags/bani-ishaq.html]
[www.dajjaal.com/liar/tags/capitalism.html]
[www.dajjaal.com/liar/tags/communism.html]
[www.dajjaal.com/liar/tags/constantinople.html]
[www.dajjaal.com/liar/tags/dajjaal.html]
[www.dajjaal.com/liar/tags/eve.html]
[www.dajjaal.com/liar/tags/frankists.html]
[www.dajjaal.com/liar/tags/freemasonry.html]
[www.dajjaal.com/liar/tags/freemasons.html]
[www.dajjaal.com/liar/tags/garden-of-eden.html]
[www.dajjaal.com/liar/tags/globalism.html]
[www.dajjaal.com/liar/tags/green-lane--mosque.html]
[www.dajjaal.com/liar/tags/harut.html]
[www.dajjaal.com/liar/tags/iblees.html]
[www.dajjaal.com/liar/tags/iblis.html]
[www.dajjaal.com/liar/tags/illuminati.html]
[www.dajjaal.com/liar/tags/incantation.html]
[www.dajjaal.com/liar/tags/islamic-ruling-on-magic.html]
[www.dajjaal.com/liar/tags/jinn.html]
[www.dajjaal.com/liar/tags/kamal-al-mekki.html]
[www.dajjaal.com/liar/tags/marut.html]
[www.dajjaal.com/liar/tags/mohammad-hijab.html]
[www.dajjaal.com/liar/tags/mystery-babylon.html]
[www.dajjaal.com/liar/tags/new-age-spirituality.html]
[www.dajjaal.com/liar/tags/paradise.html]
[www.dajjaal.com/liar/tags/qabbalah.html]
[www.dajjaal.com/liar/tags/qadianis.html]
[www.dajjaal.com/liar/tags/rafidah.html]
[www.dajjaal.com/liar/tags/rafidi-shiah.html]
[www.dajjaal.com/liar/tags/romans.html]
[www.dajjaal.com/liar/tags/ruqyah.html]
[www.dajjaal.com/liar/tags/sabbateans.html]
[www.dajjaal.com/liar/tags/satan.html]
[www.dajjaal.com/liar/tags/socialism.html]
[www.dajjaal.com/liar/tags/solomon.html]
[www.dajjaal.com/liar/tags/soofiyyah.html]
[www.dajjaal.com/liar/tags/sufis.html]
[www.dajjaal.com/liar/tags/sufiyyah.html]
[www.dajjaal.com/liar/tags/sulayman.html]
[www.dajjaal.com/liar/tags/temple-of-solomon.html]
[www.dajjaal.com/liar/tags/zionists.html]
[www.dajjaal.com/liar/archives/2020/06/index.html]
[www.dajjaal.com/liar/index.html]
[www.dajjaal.com/liar/scripts/bootstrap.min.css]
[www.dajjaal.com/liar/scripts/bootstrap.min.js]
[www.dajjaal.com/liar/images/bg1.gif]
[www.dajjaal.com/liar/images/blockdefault.gif]
[www.dajjaal.com/liar/style.css]
[www.dajjaal.com/liar/scripts/custom.css]
[www.dajjaal.com/liar/about.html]
[www.dajjaal.com/liar/images/captchas/ERFZVZ.jpg]
[www.dajjaal.com/liar/contact.html]
[www.dajjaal.com/liar/rss/categories/dajjaal.cfm]
[www.dajjaal.com/liar/images/rssicon1.gif]
[www.dajjaal.com/liar/categories/dajjaal.html]
[www.dajjaal.com/liar/rss/categories/jesus-the-messiah.cfm]
[www.dajjaal.com/liar/categories/jesus-the-messiah.html]
[www.dajjaal.com/liar/rss/categories/satan-and-the-jinn.cfm]
[www.dajjaal.com/liar/categories/satan-and-the-jinn.html]
[www.dajjaal.com/liar/rss/categories/magic-and-occult.cfm]
[www.dajjaal.com/liar/categories/magic-and-occult.html]
[www.dajjaal.com/liar/rss/categories/articles.cfm]
[www.dajjaal.com/liar/categories/articles.html]
[www.dajjaal.com/liar/reports.html]
[www.dajjaal.com/liar/rss.html]
[www.dajjaal.com/liar/search.html]
[www.dajjaal.com/liar/signin.html]
[www.dajjaal.com/liar/rss/index.html]
[www.dajjaal.com/liar/print3360.html]
[www.dajjaal.com/liar/images/qnstart.gif]
[www.dajjaal.com/liar/images/qnend.gif]
[www.dajjaal.com/liar/images/quote-start.gif]
[www.dajjaal.com/liar/articles/feicu-prophet-solomon-the-devils-shayaateen-magic-the-angels-harut-and-marut-and-baabil-babylon.html]
[www.dajjaal.com/liar/authors/Abu.Iyaad.html]
[www.dajjaal.com/liar/print5176.html]
[www.dajjaal.com/liar/assets/images/bayan-talbis-dajaajilah.png]
[www.dajjaal.com/liar/assets/docs/dajaajilah-hijab-05.pdf]
[www.dajjaal.com/liar/assets/images/magic-talk-leeds.png]
[www.dajjaal.com/liar/assets/audio/sulayman-sihr-lecture-ai-leeds-2013-11-16.mp3]
[www.dajjaal.com/liar/assets/images/magic-talk-mbro.png]
[www.dajjaal.com/liar/assets/audio/sulayman-sihr-lecture-ai-mbro-2011-06-26-clip.mp3]
[www.dajjaal.com/liar/assets/images/magic-talk-glou.png]
[www.dajjaal.com/liar/assets/audio/sulayman-sihr-lecture-ai-glou-2014-10-25.mp3]
[www.dajjaal.com/liar/assets/images/dajaajilah-2.png]
[www.dajjaal.com/liar/assets/images/dajaajilah-cover-5.png]
[www.dajjaal.com/liar/assets/docs/dajaajilah-hijab-04a.pdf]
[www.dajjaal.com/liar/assets/images/dajaajilah-cover-4.png]
[www.dajjaal.com/liar/assets/docs/dajaajilah-hijab-03b3.pdf]
[www.dajjaal.com/liar/assets/images/dajaajilah-cover-3b.png]
[www.dajjaal.com/liar/assets/docs/dajaajilah-hijab-03a.pdf]
[www.dajjaal.com/liar/assets/images/dajaajilah-cover-3a.png]
[www.dajjaal.com/liar/assets/docs/dajaajilah-hijab-02a.pdf]
[www.dajjaal.com/liar/assets/images/dajaajilah-cover-2.png]
[www.dajjaal.com/liar/assets/docs/dajaajilah-hijab-01a.pdf]
[www.dajjaal.com/liar/assets/images/dajaajilah-cover-1.png]
[www.dajjaal.com/liar/articles/lixgt-bayan-talbis-al-dajaaijlah-why-and-how-hijab-and-co-conspirators-slander-people-of-the-sunnah.html]
[www.dajjaal.com/liar/print2056.html]
[www.dajjaal.com/liar/assets/images/al-hamd-salat.gif]
[www.dajjaal.com/liar/articles/oykkt-shaykh-al-islam-ibn-taymiyyah-distinction-between-illusionary-tricks-involving-deception-and-those-involving-the-devils---part-2.html]
[www.dajjaal.com/liar/authors/Admin.html]
[www.dajjaal.com/liar/print6db7.html]
[www.dajjaal.com/liar/articles/zktic-shaykh-al-islam-ibn-taymiyyah-distinction-between--illusionary-tricks-involving-deception-and-those-involving-the-devils.html]
[www.dajjaal.com/liar/print52a8.html]
[www.dajjaal.com/liar/articles/czuhb-shaykh-muhammad-bin-salih-al-uthaymeen-clarification-on-issues-pertaining-to-magic-sihr.html]
[www.dajjaal.com/liar/printde23.html]
[www.dajjaal.com/liar/assets/images/kamal-mekki-magic.gif]
[www.dajjaal.com/liar/assets/images/kamal-mekki-magic-sorcery-wikipedia.gif]
[www.dajjaal.com/liar/assets/images/kamal-mekki-magic-sorcery-wiktionary.gif]
[www.dajjaal.com/liar/articles/bvcox-a-refutation-of-kamal-al-mekkis-attempt-to-distinguish-between-magic-and-sorcery.html]
[www.dajjaal.com/liar/printf693.html]
[www.dajjaal.com/liar/articles/zjscm-shaykh-ibn-baz-on-magic-being-major-kufr-the-types-of-this-magic-and-an-explanation-of-the-magic-known-as-taqmeer.html]
[www.dajjaal.com/liar/print7725.html]
[www.dajjaal.com/liar/assets/audio/ibn-uthaymeen-sihr-takhyeel-effect-b.mp3]
[www.dajjaal.com/liar/articles/suquy-shaykh-ibn-al-uthaymeen-sikhr-takhyeeliyy-illusionary-magic-is-true-and-real-and-has-an-actual-effect.html]
[www.dajjaal.com/liar/printac87.html]
[www.dajjaal.com/liar/assets/audio/sihr-aqsaam.ra]
[www.dajjaal.com/liar/articles/ltnra-shaykh-abdul-azeez-al-raajihee-on-the-types-of-magic.html]
[www.dajjaal.com/liar/print599d.html]
[www.dajjaal.com/liar/articles/ktuoa-shaykh-saalih-aal-al-shaykh-on-the-classification-of-magic-into-types.html]
[www.dajjaal.com/liar/print466f.html]
[www.dajjaal.com/liar/articles/wivmi-shaykh-al-sadee-magic-enters-into-shirk-from-two-angles.html]
[www.dajjaal.com/liar/print94d9.html]
[www.dajjaal.com/liar/articles/fwsqk-shaykh-ibn-baz-on-the-two-types-of-magic-and-that-it-occurs-through-worship-of-the-devils.html]
[www.dajjaal.com/liar/printafb9.html]
[www.dajjaal.com/liar/articles/gdcsj-shaykh-muhammad-bin-haadee-explains-and-illustrates-al-sihr-al-takhyeeliyy-illusionary-magic.html]
[www.dajjaal.com/liar/articles/mrayz-shaykh-abdur-rahman-al-barraak-on-the-types-of-magic-and-their-ruling.html]
[www.dajjaal.com/liar/print1abd.html]
[www.dajjaal.com/liar/print7d5e.html]
[www.dajjaal.com/liar/articles/xkvkx-shaykh-ibn-baz-on-the-magicians-and-what-is-intended-by-illusory-magic-al-sihr-al-takhyeeliyy.html]
[www.dajjaal.com/liar/printd51f.html]
[www.dajjaal.com/liar/articles/hbwcp-ibn-al-qayyim-on-the-nature-of-the-magic-of-the-magicians-of-pharoah.html]
[www.dajjaal.com/liar/print7dd5.html]
[www.dajjaal.com/liar/articles/crdpu-shaykh-saalih-aal-al-shaykh-on-the-magic-which-expels-from-islaam.html]
[www.dajjaal.com/liar/print2cfb.html]
[www.dajjaal.com/liar/articles/ovgju-shaykh-ibn-baz-on-the-tafseel-detailed-clarification-regarding-magic-which-constitutes-kufr.html]
[www.dajjaal.com/liar/print27ec.html]
[www.dajjaal.com/liar/articles/gwwua-shaykh-ibn-al-uthaymeen-on-the-magic-that-expels-from-islam-and-the-magic-which-does-not.html]
[www.dajjaal.com/liar/print06e6.html]
[www.dajjaal.com/liar/articles/hbvnw-shaykh-sulayman-bin-abdullaah-bin-abdul-wahhaab-on-what-constitutes-the-magic-whic-expels-from-islaam.html]
[www.dajjaal.com/liar/printdddf.html]
[www.dajjaal.com/liar/articles/ltfwe-imaam-al-shanqeetees-clarificatioon-and-verification-on-the-magic-that-expels-from-the-religion.html]
[www.dajjaal.com/liar/printc594.html]
[www.dajjaal.com/liar/articles/ebgpf-shaykh-ibn-baz-that-which-makes-magic-to-be-kufr-is-worship-of-the-jinn-and-seeking-their-assistance.html]
[www.dajjaal.com/liar/print01d0.html]
[www.dajjaal.com/liar/assets/docs/islamic-ruqyah.pdf]
[www.dajjaal.com/liar/assets/docs/islamic-ruqyah-magicians.pdf]
[www.dajjaal.com/liar/articles/gzinc-islamic-ruqyah-for-warding-off-the-devils-and-the-magic-of-the-magicians-from-the-quran.html]
[www.dajjaal.com/liar/printbd0d.html]
[www.dajjaal.com/liar/articles/kfqlm-rafidi-shiah-qadiani-and-sufi-propaganda-concerning-the-arrival-of-the-mahdi-the-dajjaal-and-eesa-ibn-maryam.html]
[www.dajjaal.com/liar/print7d5f.html]
[www.dajjaal.com/liar/assets/images/shaam-dabiq.gif]
[www.dajjaal.com/liar/articles/gvokb-the-dajjaal-anti-christ-will-appear-after-70000-from-bani-ishaq-conquer-constantinople.html]
[www.dajjaal.com/liar/print34df.html]
[www.dajjaal.com/liar/articles/hokgj-shaykh-salih-al-fawzan-appearance-of-the-dajjaal-is-near.html]
[www.dajjaal.com/liar/printb0d3.html]
[www.dajjaal.com/liar/articles/rrzil-the-mutual-benefit-sought-by-the-jinn-and-men-from-each-other.html]
[www.dajjaal.com/liar/printc98f.html]
[www.dajjaal.com/liar/articles/rthwg-they-believe-in-al-jibt-magic-and-at-taaghoot-satan.html]
[www.dajjaal.com/liar/printf1fb.html]
[www.dajjaal.com/liar/articles/xsxpr-the-role-of-television-in-social-engineering-predictive-programming-and-destruction-of-children-and-society.html]
[www.dajjaal.com/liar/print440f.html]
[www.dajjaal.com/liar/articles/rwdah-the-historical-connection-between-ancestor-worship-shirk-astrology-magic-and-the-occult.html]
[www.dajjaal.com/liar/print90cf.html]
[www.dajjaal.com/liar/articles/wkytq-treating-magic-with-magic-is-haraam-unlawful.html]
[www.dajjaal.com/liar/print933b.html]
[www.dajjaal.com/liar/articles/qovvu-what-a-man-or-woman-must-do-to-become-a-magician-saahir.html]
[www.dajjaal.com/liar/printb21b.html]
[www.dajjaal.com/liar/articles/lnhnu-some-of-the-signs-of-magicians-sorcerers-and-how-to-identify-them.html]
[www.dajjaal.com/liar/print4633.html]
[www.dajjaal.com/liar/articles/phlvf-magic-sihr-has-been-present-since-the-time-of-the-prophet-noah-nuh.html]
[www.dajjaal.com/liar/print4347.html]
[www.dajjaal.com/liar/articles/btvsv-shaykh-saalih-aal-ash-shaykh-on-seeking-aid-from-the-jinn.html]
[www.dajjaal.com/liar/printf4b2.html]
[www.dajjaal.com/liar/articles/tkzgb-magic-sihr-is-true-and-real-its-meaning-and-its-ruling.html]
[www.dajjaal.com/liar/printe4be.html]
[www.dajjaal.com/liar/articles/eknjg-there-is-no-tribulation-greater-than-the-tribulation-of-the-dajjaal-anti-christ.html]
[www.dajjaal.com/liar/printee09.html]
[www.dajjaal.com/liar/articles/mmdee-the-jinn-are-the-offspring-of-iblees-satan-and-can-appear-in-many-different-forms.html]
[www.dajjaal.com/liar/printe4af.html]
[www.dajjaal.com/liar/articles/bgxjt-the-whispering-of-iblis-satan-to-adam-with-four-matters.html]
[www.dajjaal.com/liar/rss/tags/adam.cfm]
[www.dajjaal.com/liar/tags/adam.html]
[www.dajjaal.com/liar/rss/tags/al-jibt.cfm]
[www.dajjaal.com/liar/tags/al-jibt.html]
[www.dajjaal.com/liar/rss/tags/al-maghrib.cfm]
[www.dajjaal.com/liar/tags/al-maghrib.html]
[www.dajjaal.com/liar/rss/tags/al-maghrib-institute.cfm]
[www.dajjaal.com/liar/tags/al-maghrib-institute.html]
[www.dajjaal.com/liar/rss/tags/anti-christ.cfm]
[www.dajjaal.com/liar/tags/anti-christ.html]
[www.dajjaal.com/liar/rss/tags/at-taghut.cfm]
[www.dajjaal.com/liar/tags/at-taghut.html]
[www.dajjaal.com/liar/rss/tags/baabil.cfm]
[www.dajjaal.com/liar/tags/baabil.html]
[www.dajjaal.com/liar/rss/tags/babylon.cfm]
[www.dajjaal.com/liar/tags/babylon.html]
[www.dajjaal.com/liar/rss/tags/bani-ishaq.cfm]
[www.dajjaal.com/liar/tags/bani-ishaq.html]
[www.dajjaal.com/liar/rss/tags/capitalism.cfm]
[www.dajjaal.com/liar/tags/capitalism.html]
[www.dajjaal.com/liar/rss/tags/communism.cfm]
[www.dajjaal.com/liar/tags/communism.html]
[www.dajjaal.com/liar/rss/tags/constantinople.cfm]
[www.dajjaal.com/liar/tags/constantinople.html]
[www.dajjaal.com/liar/rss/tags/dajjaal.cfm]
[www.dajjaal.com/liar/tags/dajjaal.html]
[www.dajjaal.com/liar/rss/tags/eve.cfm]
[www.dajjaal.com/liar/tags/eve.html]
[www.dajjaal.com/liar/rss/tags/frankists.cfm]
[www.dajjaal.com/liar/tags/frankists.html]
[www.dajjaal.com/liar/rss/tags/freemasonry.cfm]
[www.dajjaal.com/liar/tags/freemasonry.html]
[www.dajjaal.com/liar/rss/tags/freemasons.cfm]
[www.dajjaal.com/liar/tags/freemasons.html]
[www.dajjaal.com/liar/rss/tags/garden-of-eden.cfm]
[www.dajjaal.com/liar/tags/garden-of-eden.html]
[www.dajjaal.com/liar/rss/tags/globalism.cfm]
[www.dajjaal.com/liar/tags/globalism.html]
[www.dajjaal.com/liar/rss/tags/green-lane--mosque.cfm]
[www.dajjaal.com/liar/tags/green-lane--mosque.html]
[www.dajjaal.com/liar/rss/tags/harut.cfm]
[www.dajjaal.com/liar/tags/harut.html]
[www.dajjaal.com/liar/rss/tags/iblees.cfm]
[www.dajjaal.com/liar/tags/iblees.html]
[www.dajjaal.com/liar/rss/tags/iblis.cfm]
[www.dajjaal.com/liar/tags/iblis.html]
[www.dajjaal.com/liar/rss/tags/illuminati.cfm]
[www.dajjaal.com/liar/tags/illuminati.html]
[www.dajjaal.com/liar/rss/tags/incantation.cfm]
[www.dajjaal.com/liar/tags/incantation.html]
[www.dajjaal.com/liar/rss/tags/islamic-ruling-on-magic.cfm]
[www.dajjaal.com/liar/tags/islamic-ruling-on-magic.html]
[www.dajjaal.com/liar/rss/tags/jinn.cfm]
[www.dajjaal.com/liar/tags/jinn.html]
[www.dajjaal.com/liar/rss/tags/kamal-al-mekki.cfm]
[www.dajjaal.com/liar/tags/kamal-al-mekki.html]
[www.dajjaal.com/liar/rss/tags/marut.cfm]
[www.dajjaal.com/liar/tags/marut.html]
[www.dajjaal.com/liar/rss/tags/mohammad-hijab.cfm]
[www.dajjaal.com/liar/tags/mohammad-hijab.html]
[www.dajjaal.com/liar/rss/tags/mystery-babylon.cfm]
[www.dajjaal.com/liar/tags/mystery-babylon.html]
[www.dajjaal.com/liar/rss/tags/new-age-spirituality.cfm]
[www.dajjaal.com/liar/tags/new-age-spirituality.html]
[www.dajjaal.com/liar/rss/tags/paradise.cfm]
[www.dajjaal.com/liar/tags/paradise.html]
[www.dajjaal.com/liar/rss/tags/qabbalah.cfm]
[www.dajjaal.com/liar/tags/qabbalah.html]
[www.dajjaal.com/liar/rss/tags/qadianis.cfm]
[www.dajjaal.com/liar/tags/qadianis.html]
[www.dajjaal.com/liar/rss/tags/rafidah.cfm]
[www.dajjaal.com/liar/tags/rafidah.html]
[www.dajjaal.com/liar/rss/tags/rafidi-shiah.cfm]
[www.dajjaal.com/liar/tags/rafidi-shiah.html]
[www.dajjaal.com/liar/rss/tags/romans.cfm]
[www.dajjaal.com/liar/tags/romans.html]
[www.dajjaal.com/liar/rss/tags/ruqyah.cfm]
[www.dajjaal.com/liar/tags/ruqyah.html]
[www.dajjaal.com/liar/rss/tags/sabbateans.cfm]
[www.dajjaal.com/liar/tags/sabbateans.html]
[www.dajjaal.com/liar/rss/tags/satan.cfm]
[www.dajjaal.com/liar/tags/satan.html]
[www.dajjaal.com/liar/rss/tags/socialism.cfm]
[www.dajjaal.com/liar/tags/socialism.html]
[www.dajjaal.com/liar/rss/tags/solomon.cfm]
[www.dajjaal.com/liar/tags/solomon.html]
[www.dajjaal.com/liar/rss/tags/soofiyyah.cfm]
[www.dajjaal.com/liar/tags/soofiyyah.html]
[www.dajjaal.com/liar/rss/tags/sufis.cfm]
[www.dajjaal.com/liar/tags/sufis.html]
[www.dajjaal.com/liar/rss/tags/sufiyyah.cfm]
[www.dajjaal.com/liar/tags/sufiyyah.html]
[www.dajjaal.com/liar/rss/tags/sulayman.cfm]
[www.dajjaal.com/liar/tags/sulayman.html]
[www.dajjaal.com/liar/rss/tags/temple-of-solomon.cfm]
[www.dajjaal.com/liar/tags/temple-of-solomon.html]
[www.dajjaal.com/liar/rss/tags/zionists.cfm]
[www.dajjaal.com/liar/tags/zionists.html]
[www.dajjaal.com/liar/archives/2025/08.html]
[www.dajjaal.com/liar/archives/2025/07.html]
[www.dajjaal.com/liar/archives/2025/06.html]
[www.dajjaal.com/liar/archives/2025/05.html]
[www.dajjaal.com/liar/archives/2025/04.html]
[www.dajjaal.com/liar/archives/2025/03.html]
[www.dajjaal.com/liar/archives/2025/02.html]
[www.dajjaal.com/liar/archives/2025/01.html]
[www.dajjaal.com/liar/archives/2024/12.html]
[www.dajjaal.com/liar/archives/2024/11.html]
[www.dajjaal.com/liar/archives/2024/10.html]
[www.dajjaal.com/liar/archives/2024/09.html]
[www.dajjaal.com/liar/archives/2024/08.html]
[www.dajjaal.com/liar/archives/2024/07.html]
[www.dajjaal.com/liar/archives/2024/06.html]
[www.dajjaal.com/liar/archives/2024/05.html]
[www.dajjaal.com/liar/archives/2024/04.html]
[www.dajjaal.com/liar/archives/2024/03.html]
[www.dajjaal.com/liar/archives/2024/02.html]
[www.dajjaal.com/liar/archives/2024/01.html]
[www.dajjaal.com/liar/archives/2023/12.html]
[www.dajjaal.com/liar/archives/2023/11.html]
[www.dajjaal.com/liar/archives/2023/10.html]
[www.dajjaal.com/liar/archives/2023/09.html]
[www.dajjaal.com/liar/archives/2023/08.html]
[www.dajjaal.com/liar/archives/2023/07.html]
[www.dajjaal.com/liar/archives/2023/06.html]
[www.dajjaal.com/liar/archives/2023/05.html]
[www.dajjaal.com/liar/archives/2023/04.html]
[www.dajjaal.com/liar/archives/2023/03.html]
[www.dajjaal.com/liar/archives/2023/02.html]
[www.dajjaal.com/liar/archives/2023/01.html]
[www.dajjaal.com/liar/archives/2022/12.html]
[www.dajjaal.com/liar/archives/2022/11.html]
[www.dajjaal.com/liar/archives/2022/10.html]
[www.dajjaal.com/liar/archives/2022/09.html]
[www.dajjaal.com/liar/archives/2022/08.html]
[www.dajjaal.com/liar/archives/2022/07.html]
[www.dajjaal.com/liar/archives/2022/06.html]
[www.dajjaal.com/liar/archives/2022/05.html]
[www.dajjaal.com/liar/archives/2022/04.html]
[www.dajjaal.com/liar/archives/2022/03.html]
[www.dajjaal.com/liar/archives/2022/02.html]
[www.dajjaal.com/liar/archives/2022/01.html]
[www.dajjaal.com/liar/archives/2021/12.html]
[www.dajjaal.com/liar/archives/2021/11.html]
[www.dajjaal.com/liar/archives/2021/10.html]
[www.dajjaal.com/liar/archives/2021/09.html]
[www.dajjaal.com/liar/archives/2021/08.html]
[www.dajjaal.com/liar/archives/2021/07.html]
[www.dajjaal.com/liar/archives/2021/06.html]
[www.dajjaal.com/liar/archives/2021/05.html]
[www.dajjaal.com/liar/archives/2021/04.html]
[www.dajjaal.com/liar/archives/2021/03.html]
[www.dajjaal.com/liar/archives/2021/02.html]
[www.dajjaal.com/liar/archives/2021/01.html]
[www.dajjaal.com/liar/archives/2020/12.html]
[www.dajjaal.com/liar/archives/2020/11.html]
[www.dajjaal.com/liar/archives/2020/10.html]
[www.dajjaal.com/liar/archives/2020/09.html]
[www.dajjaal.com/liar/archives/2020/08.html]
[www.dajjaal.com/liar/archives/2020/07.html]
[www.dajjaal.com/liar/archives/2020/06/index.html]
[www.dajjaal.com/liar/archives/2020/05.html]
[www.dajjaal.com/liar/archives/2020/04.html]
[www.dajjaal.com/liar/archives/2020/03.html]
[www.dajjaal.com/liar/archives/2020/02.html]
[www.dajjaal.com/liar/archives/2020/01.html]
[www.dajjaal.com/liar/archives/2019/12.html]
[www.dajjaal.com/liar/archives/2019/11.html]
[www.dajjaal.com/liar/archives/2019/10.html]
[www.dajjaal.com/liar/archives/2019/09.html]
[www.dajjaal.com/liar/archives/2019/08.html]
[www.dajjaal.com/liar/archives/2019/07.html]
[www.dajjaal.com/liar/archives/2019/06.html]
[www.dajjaal.com/liar/archives/2019/05.html]
[www.dajjaal.com/liar/archives/2019/04.html]
[www.dajjaal.com/liar/archives/2019/03.html]
[www.dajjaal.com/liar/archives/2019/02.html]
[www.dajjaal.com/liar/archives/2019/01.html]
[www.dajjaal.com/liar/archives/2018/12.html]
[www.dajjaal.com/liar/archives/2018/11.html]
[www.dajjaal.com/liar/archives/2018/10.html]
[www.dajjaal.com/liar/archives/2018/09.html]
[www.dajjaal.com/liar/archives/2018/08.html]
[www.dajjaal.com/liar/archives/2018/07.html]
[www.dajjaal.com/liar/archives/2018/06.html]
[www.dajjaal.com/liar/archives/2018/05.html]
[www.dajjaal.com/liar/archives/2018/04.html]
[www.dajjaal.com/liar/archives/2018/03.html]
[www.dajjaal.com/liar/archives/2018/02.html]
[www.dajjaal.com/liar/archives/2018/01.html]
[www.dajjaal.com/liar/archives/2017/12.html]
[www.dajjaal.com/liar/archives/2017/11.html]
[www.dajjaal.com/liar/archives/2017/10.html]
[www.dajjaal.com/liar/archives/2017/09.html]
[www.dajjaal.com/liar/archives/2017/08.html]
[www.dajjaal.com/liar/archives/2017/07.html]
[www.dajjaal.com/liar/archives/2017/06.html]
[www.dajjaal.com/liar/archives/2017/05.html]
[www.dajjaal.com/liar/images/checkmarkbox.html]
[www.dajjaal.com/liar/images/blockactive.html]
[www.dajjaal.com/liar/images/bg-tag.html]
[www.dajjaal.com/liar/ERFZVZ.html]
[www.dajjaal.com/liar/styleprint.css]
[www.dajjaal.com/liar/images/printheader.jpg]
[www.dajjaal.com/liar/print3360.html]
[www.dajjaal.com/liar/index933b.html]
[www.dajjaal.com/liar/indexe4af.html]
[www.dajjaal.com/liar/print5176.html]
[www.dajjaal.com/liar/print2056.html]
[www.dajjaal.com/liar/index6db7.html]
[www.dajjaal.com/liar/index52a8.html]
[www.dajjaal.com/liar/print6db7.html]
[www.dajjaal.com/liar/indexafb9.html]
[www.dajjaal.com/liar/index1abd.html]
[www.dajjaal.com/liar/print52a8.html]
[www.dajjaal.com/liar/index7725.html]
[www.dajjaal.com/liar/index27ec.html]
[www.dajjaal.com/liar/index599d.html]
[www.dajjaal.com/liar/printde23.html]
[www.dajjaal.com/liar/index466f.html]
[www.dajjaal.com/liar/printf693.html]
[www.dajjaal.com/liar/indexd51f.html]
[www.dajjaal.com/liar/indexac87.html]
[www.dajjaal.com/liar/index94d9.html]
[www.dajjaal.com/liar/index7d5e.html]
[www.dajjaal.com/liar/index7dd5.html]
[www.dajjaal.com/liar/index2cfb.html]
[www.dajjaal.com/liar/index06e6.html]
[www.dajjaal.com/liar/indexdddf.html]
[www.dajjaal.com/liar/indexc594.html]
[www.dajjaal.com/liar/print7725.html]
[www.dajjaal.com/liar/printac87.html]
[www.dajjaal.com/liar/print599d.html]
[www.dajjaal.com/liar/print466f.html]
[www.dajjaal.com/liar/print94d9.html]
[www.dajjaal.com/liar/printafb9.html]
[www.dajjaal.com/liar/print1abd.html]
[www.dajjaal.com/liar/indexde23.html]
[www.dajjaal.com/liar/index2056.html]
[www.dajjaal.com/liar/indexf693.html]
[www.dajjaal.com/liar/print7d5e.html]
[www.dajjaal.com/liar/printd51f.html]
[www.dajjaal.com/liar/print7dd5.html]
[www.dajjaal.com/liar/print2cfb.html]
[www.dajjaal.com/liar/print27ec.html]
[www.dajjaal.com/liar/print06e6.html]
[www.dajjaal.com/liar/printdddf.html]
[www.dajjaal.com/liar/printc594.html]
[www.dajjaal.com/liar/print01d0.html]
[www.dajjaal.com/liar/printbd0d.html]
[www.dajjaal.com/liar/index34df.html]
[www.dajjaal.com/liar/print7d5f.html]
[www.dajjaal.com/liar/print34df.html]
[www.dajjaal.com/liar/printb0d3.html]
[www.dajjaal.com/liar/printc98f.html]
[www.dajjaal.com/liar/index3360.html]
[www.dajjaal.com/liar/indexb0d3.html]
[www.dajjaal.com/liar/printf1fb.html]
[www.dajjaal.com/liar/print440f.html]
[www.dajjaal.com/liar/print90cf.html]
[www.dajjaal.com/liar/print933b.html]
[www.dajjaal.com/liar/index90cf.html]
[www.dajjaal.com/liar/printb21b.html]
[www.dajjaal.com/liar/print4633.html]
[www.dajjaal.com/liar/print4347.html]
[www.dajjaal.com/liar/printf4b2.html]
[www.dajjaal.com/liar/printe4be.html]
[www.dajjaal.com/liar/printee09.html]
[www.dajjaal.com/liar/printe4af.html]
[www.dajjaal.com/liar/tags.html]
[www.dajjaal.com/liar/styleprint.css]
[s7.addthis.com/static/btn/v2/lg-share-en.gif]
[s7.addthis.com/js/250/addthis_widget.js]
