[backblue.gif]
[fade.gif]
[index.html]
[www.takfiris.com/index.html]
[www.takfiris.com/takfir/index.html]
[www.takfiris.com/takfir/style.css]
[www.takfiris.com/takfir/about.html]
[www.takfiris.com/takfir/contact.html]
[www.takfiris.com/takfir/images/spacer.gif]
[www.takfiris.com/takfir/images/banner.gif]
[www.takfiris.com/takfir/categories/articles.html]
[www.takfiris.com/takfir/reports.html]
[www.takfiris.com/takfir/signin.html]
[www.takfiris.com/takfir/search.html]
[www.takfiris.com/takfir/rss.html]
[www.takfiris.com/takfir/articles/knqvq-isis-kharijites-execute-one-of-their-sharia-judges-hazimi-haddadis-and-takfiri-implosion.html]
[www.takfiris.com/takfir/articles/oyifg-the-kharijites-do-not-always-make-takfir-on-account-of-every-major-sin.html]
[www.takfiris.com/takfir/authors/Takfiris.Com.html]
[www.takfiris.com/takfir/articles/ocpfv-shaykh-al-fawzaan-applying-the-label-of-kharijite-to-those-involved-in-bombings.html]
[www.takfiris.com/takfir/articles/dvbrv-the-kharijite-who-engineered-the-slaughter-of-sunni-scholars-at-the-hands-of-the-ubaydi-baatini-shiah.html]
[www.takfiris.com/takfir/articles/lpbyb-the-takfiri-retard-series-part-6-abu-waleed-redefines-takyeef-and-tafweed.html]
[www.takfiris.com/takfir/articles/avcwd-shaykh-abdul-muhsin-those-who-have-given-bayah-to-al-baghdadi-isis.html]
[www.takfiris.com/takfir/articles/pqdbf-takfiris-on-steroids-3-saudi-member-of-jabhah-al-nusrah-executes-two-saudis-from-isis-daish.html]
[www.takfiris.com/takfir/articles/sewep-takfiris-on-steroids-the-alleged-jihad-of-the-dogs-of-hellfire---isis-and-al-nusrah-in-iraq-and-syria.html]
[www.takfiris.com/takfir/articles/xpxlk-takfiri-chaos-isis-make-takfir-and-kills-leader-of-al-nusrah.html]
[www.takfiris.com/takfir/articles/sybso-the-takfiri-retard-series-part-5-abu-waleed-reinvents-the-salafi-aqidah-in-less-than-30-seconds.html]
[www.takfiris.com/takfir/articles/oqicq-the-takfiri-retard-series-part-4-abu-waleed-salafiyyah-and-dumb-thieves-caught-on-camera.html]
[www.takfiris.com/takfir/articles/sothz-the-takfiri-retard-series-part-3-abu-waleed-and-falsehood-laughing-at-truth.html]
[www.takfiris.com/takfir/articles/pthbk-the-takfiri-retard-series-part-2-abu-waleed-and-the-names-of-allaah.html]
[www.takfiris.com/takfir/articles/hdanu-the-mentally-retarded-takfiri-series-part-1-abu-waleed-and-the-sunnah-of-the-anbiyaa.html]
[www.takfiris.com/takfir/articles/hnrnb-imaam-ibn-baz-on-when-a-land-is-a-land-of-islam-or-a-land-of-kufr.html]
[www.takfiris.com/takfir/articles/bavkc-takfiri-dawah-thieves-the-derby-dawah-project.html]
[www.takfiris.com/takfir/articles/cetiy-shaykh-al-fawzan-those-who-perform-terrorist-acts-are-worse-than-the-kharijites-of-old.html]
[www.takfiris.com/takfir/articles/kpavv-usamah-bin-laden-is-a-takfiri-kharijite-and-is-worse-than-the-kharijites-of-old-by-far.html]
[www.takfiris.com/takfir/articles/kvkrl-lashkar-e-taiba-takfiri-kharijites-upon-the-manhaj-of-al-ikhwan-al-muslimeen---part-4.html]
[www.takfiris.com/takfir/articles/deruz-lashkar-e-taiba-takfiri-kharijites-upon-the-manhaj-of-al-ikhwan-al-muslimeen---part-3.html]
[www.takfiris.com/takfir/articles/faloq-lashkar-e-taiba-takfiri-kharijites-upon-the-manhaj-of-al-ikhwan-al-muslimeen---part-2.html]
[www.takfiris.com/takfir/articles/gowwx-laskhar-e-taiba-takfiri-kharijites-upon-the-manhaj-of-al-ikhwan-al-muslimeen---part-1.html]
[www.takfiris.com/takfir/articles/ahptd-the-first-of-the-handholds-of-islam-to-be-broken-is-the-rule-al-hukm-and-the-last-is-the-prayer.html]
[www.takfiris.com/takfir/articles/ortzt-shaykh-al-islam-ibn-taymiyyah-on-tabdeel-and-shar-mubaddal---part-1.html]
[www.takfiris.com/takfir/articles/rnqiv-jewish-converts-to-islam-and-anti-semitism.html]
[www.takfiris.com/takfir/articles/dawrs-invalidating-takfiri-doubts-part-1---concerning-al-iltizaam-and-al-imtinaa.html]
[www.takfiris.com/takfir/articles/ooxme-annihilating-the-doubts-of-20th-century-leninist-takfiris-part-1---concerning-al-imtinaa-and-al-iltizaam.html]
[www.takfiris.com/takfir/articles/rgbql-sayyid-qutb-and-the-french-connection-alexis-carrel---the-french-catholic-social-darwinist-doctor-that-influenced-qutbs-jaahiliyyah.html]
[www.takfiris.com/takfir/articles/esjal-abu-zubair-saleem-beg-promotes-and-defends-the-books-responsible-for-the-revival-of-sayyid-qutbs-jihad-and-takfir-in-21st-century-britain.html]
[www.takfiris.com/takfir/articles/gdyjh-shaykh-ul-islam-ibn-taymiyyah-who-is-defined-as-a-haakim-ruler.html]
[www.takfiris.com/takfir/articles/wdzlo-abu-muhammad-al-maqdisi-isaam-barqawi.html]
[www.takfiris.com/takfir/articles/potbo-anwar-awlaki-is-a-leninist-qutbi-and-is-free-of-salafiyyah.html]
[www.takfiris.com/takfir/articles/heigk-the-cult-of-omar-bakri-operating-within-the-united-kingdom-and-faking-attachment-to-salafiyyah.html]
[www.takfiris.com/takfir/articles/mlryz-summary-of-the-principles-concerning-takfir-of-a-specific-individual.html]
[www.takfiris.com/takfir/articles/wurdh-ali-al-timimi-on-the-rulers-who-rule-by-secular-laws.html]
[www.takfiris.com/takfir/articles/owscq-shaykh-ibn-jibreen-was-not-with-the-leninist-takfiri-kharijites-part-3---usama-bin-laden-and-followers-make-takfir-of-the-muslims.html]
[www.takfiris.com/takfir/articles/qyowp-the-leninist-revolutionary-manifesto-of-sayyid-qutb.html]
[www.takfiris.com/takfir/articles/gvikf-the-role-of-converts-to-islam-in-the-leninist-takfiri-movement.html]
[www.takfiris.com/takfir/articles/qyrnf-shaykh-salih-al-fawzans-refutation-of-salman-al-awdahs-generalized-mass-takfir-of-all-the-muslims.html]
[www.takfiris.com/takfir/articles/aorjc-shaykh-salih-al-fawzan-on-the-salman-al-awdahs-saying-the-absent-ummah-this-necessitates-the-takfir-of-the-whole-ummah.html]
[www.takfiris.com/takfir/articles/srjss-shaykh-ibn-jibreen-was-not-with-the-leninist-takfiri-kharijites-part-2.html]
[www.takfiris.com/takfir/articles/eoizx-shaykh-ibn-jibreen-was-not-with-the-leninist-takfiri-kharijites-part-1---on-those-who-rule-by-secular-laws.html]
[www.takfiris.com/takfir/articles/jqpkg-yusuf-al-qaradawi-the-new-qutbi-understanding-of-tawheed.html]
[www.takfiris.com/takfir/articles/lyhev-yusuf-al-qaradawi-on-sayyid-qutb-all-muslims-are-kuffaar-mushrikeen-apostates-except-those-who-agree-with-my-ideology.html]
[www.takfiris.com/takfir/articles/xbnsa-yusuf-al-qaradawi-sayyid-qutb-makes-it-explicitly-clear-that-all-muslims-today-are-disbelievers.html]
[www.takfiris.com/takfir/articles/rxvjg-salaah-as-saawee-a-qutbi-theoretician-on-the-qutbiyyoon-and-the-basis-of-their-teachings.html]
[www.takfiris.com/takfir/articles/mcjur-ali-al-timimi-on-the-emergence-of-takfiri-leninism-in-1965-egypt-and-the-obligation-to-warn-from-its-evil.html]
[www.takfiris.com/takfir/articles/pmjvl-fareed-abdul-khaliq-former-murshid-of-ikhwaan-the-emergence-of-the-doctrines-of-jaahliyyah-haakimiyyah-and-takfir-of-all-societies.html]
[www.takfiris.com/takfir/articles/hulwt-yusuf-al-qardawi-groups-known-as-the-qutbiyyoon-found-harboring-the-doctrines-of-takfir-found-in-az-zilaal.html]
[www.takfiris.com/takfir/articles/ptfnq-ali-al-timimi-on-the-saudi-government-being-an-islamic-government-and-how-to-rectify-oppression-and-tyranny.html]
[www.takfiris.com/takfir/assets/images/qutb-carrell.gif]
[www.takfiris.com/takfir/assets/images/qutb-leninism.gif]
[www.takfiris.com/takfir/series/the-revival-of-the-deen-of-the-khawaarij-in-the-20th-century.html]
[www.takfiris.com/takfir/articles/zyxuc-the-khariijtes-will-continue-to-appear-and-be-cut-off-each-time-until-the-dajjaal-appears-in-their-later-remnants.html]
[www.takfiris.com/takfir/tags/abdullah-al-faisal.html]
[www.takfiris.com/takfir/tags/abdullah-el-faisal.html]
[www.takfiris.com/takfir/tags/absent-ummah.html]
[www.takfiris.com/takfir/tags/abu-az-zubair-al-azzami.html]
[www.takfiris.com/takfir/tags/abu-muhammad-al-maqdisi.html]
[www.takfiris.com/takfir/tags/abu-waleed.html]
[www.takfiris.com/takfir/tags/abu-zubair-saleem-beg.html]
[www.takfiris.com/takfir/tags/adam-gadahn.html]
[www.takfiris.com/takfir/tags/adam-pearlman.html]
[www.takfiris.com/takfir/tags/al-ghurabaa.html]
[www.takfiris.com/takfir/tags/al-hukm.html]
[www.takfiris.com/takfir/tags/al-maghrawi.html]
[www.takfiris.com/takfir/tags/al-muhajiroon.html]
[www.takfiris.com/takfir/tags/al-muhajirun.html]
[www.takfiris.com/takfir/tags/al-nusrah.html]
[www.takfiris.com/takfir/tags/alexis-carrel.html]
[www.takfiris.com/takfir/tags/ali-al-timimi.html]
[www.takfiris.com/takfir/tags/ali-at-timimi.html]
[www.takfiris.com/takfir/tags/ali-juraisha.html]
[www.takfiris.com/takfir/tags/anti-semitism.html]
[www.takfiris.com/takfir/tags/anwar-al-awlaki.html]
[www.takfiris.com/takfir/tags/baatiniyyah.html]
[www.takfiris.com/takfir/tags/barbarism.html]
[www.takfiris.com/takfir/tags/bin-laden.html]
[www.takfiris.com/takfir/tags/bin-ladin.html]
[www.takfiris.com/takfir/tags/dajjaal.html]
[www.takfiris.com/takfir/tags/dajjal.html]
[www.takfiris.com/takfir/tags/dumb-takfiris.html]
[www.takfiris.com/takfir/tags/fake-salafis.html]
[www.takfiris.com/takfir/tags/fareed-abdul-khaliq.html]
[www.takfiris.com/takfir/tags/fawzan.html]
[www.takfiris.com/takfir/tags/ghulaat-al-murjiah.html]
[www.takfiris.com/takfir/tags/gulf-war.html]
[www.takfiris.com/takfir/tags/haakim.html]
[www.takfiris.com/takfir/tags/haakimiyyah.html]
[www.takfiris.com/takfir/tags/hafiz-muhammad-saeed.html]
[www.takfiris.com/takfir/tags/hizb-ut-tahrir.html]
[www.takfiris.com/takfir/tags/hukkaam.html]
[www.takfiris.com/takfir/tags/ibn-jibreen.html]
[www.takfiris.com/takfir/tags/ibn-jibrin.html]
[www.takfiris.com/takfir/tags/innovated-jihaad.html]
[www.takfiris.com/takfir/tags/isaam-barqawi.html]
[www.takfiris.com/takfir/tags/isis.html]
[www.takfiris.com/takfir/tags/islamic-awakening.html]
[www.takfiris.com/takfir/tags/istibdaal.html]
[www.takfiris.com/takfir/tags/jaahiliyyah.html]
[www.takfiris.com/takfir/tags/jahiliyyah.html]
[www.takfiris.com/takfir/tags/joseph-cohen.html]
[www.takfiris.com/takfir/tags/kharijites.html]
[www.takfiris.com/takfir/tags/khawarij.html]
[www.takfiris.com/takfir/tags/khurooj.html]
[www.takfiris.com/takfir/tags/kufr-bawah.html]
[www.takfiris.com/takfir/tags/lashkar-e-taiba.html]
[www.takfiris.com/takfir/tags/laskhar-e-taiba.html]
[www.takfiris.com/takfir/tags/leninism.html]
[www.takfiris.com/takfir/tags/leninist-takfiris.html]
[www.takfiris.com/takfir/tags/mental--retard.html]
[www.takfiris.com/takfir/tags/mubaddal.html]
[www.takfiris.com/takfir/tags/muhammad-al-maghrawi.html]
[www.takfiris.com/takfir/tags/omar-bakri.html]
[www.takfiris.com/takfir/tags/qawaaneen.html]
[www.takfiris.com/takfir/tags/qutb.html]
[www.takfiris.com/takfir/tags/qutbis.html]
[www.takfiris.com/takfir/tags/qutbiyyah.html]
[www.takfiris.com/takfir/tags/rebellion.html]
[www.takfiris.com/takfir/tags/revolt.html]
[www.takfiris.com/takfir/tags/revolutionary-vanguard.html]
[www.takfiris.com/takfir/tags/safar-al-hawali.html]
[www.takfiris.com/takfir/tags/sahwah.html]
[www.takfiris.com/takfir/tags/salaah-as-saawee.html]
[www.takfiris.com/takfir/tags/salah-as-sawi.html]
[www.takfiris.com/takfir/tags/saleem-beg.html]
[www.takfiris.com/takfir/tags/saleem-begg.html]
[www.takfiris.com/takfir/tags/salman-al-awdah.html]
[www.takfiris.com/takfir/tags/salman-awan.html]
[www.takfiris.com/takfir/tags/saudi-arabia.html]
[www.takfiris.com/takfir/tags/saudi-government.html]
[www.takfiris.com/takfir/tags/sayyid-qutb.html]
[www.takfiris.com/takfir/tags/secular-laws.html]
[www.takfiris.com/takfir/tags/secularism.html]
[www.takfiris.com/takfir/tags/sinful-rulers.html]
[www.takfiris.com/takfir/tags/suicide-bombings.html]
[www.takfiris.com/takfir/tags/tabdeel.html]
[www.takfiris.com/takfir/tags/takfeer.html]
[www.takfiris.com/takfir/tags/takfir.html]
[www.takfiris.com/takfir/tags/takfir-al-muayyan.html]
[www.takfiris.com/takfir/tags/takfir-bil-ayn.html]
[www.takfiris.com/takfir/tags/takfir-of-actions.html]
[www.takfiris.com/takfir/tags/takfir-of-individuals.html]
[www.takfiris.com/takfir/tags/takfir-of-sayings.html]
[www.takfiris.com/takfir/tags/takfir-ul-fil.html]
[www.takfiris.com/takfir/tags/takfir-ul-qawl.html]
[www.takfiris.com/takfir/tags/takfiri-movements.html]
[www.takfiris.com/takfir/tags/takfiris.html]
[www.takfiris.com/takfir/tags/tyrannical-rulers.html]
[www.takfiris.com/takfir/tags/usama-bin-laden.html]
[www.takfiris.com/takfir/tags/usama-bin-ladin.html]
[www.takfiris.com/takfir/tags/usamah-bin-laden.html]
[www.takfiris.com/takfir/tags/vladimir-lenin.html]
[www.takfiris.com/takfir/tags/yusuf-al-qaradawi.html]
[www.takfiris.com/takfir/tags/yusuf-khattab.html]
[www.takfiris.com/takfir/archives/2015/03/index.html]
[www.takfiris.com/takfir/archives/2014/08/index.html]
[www.takfiris.com/takfir/archives/2014/07/index.html]
[www.takfiris.com/takfir/archives/2014/06/index.html]
[www.takfiris.com/takfir/archives/2014/05/index.html]
[www.takfiris.com/takfir/archives/2014/03/index.html]
[www.takfiris.com/takfir/archives/2014/01/index.html]
[www.takfiris.com/takfir/archives/2013/07/index.html]
[www.takfiris.com/takfir/archives/2013/06/index.html]
[www.takfiris.com/takfir/archives/2012/05/index.html]
[www.takfiris.com/takfir/archives/2011/12/index.html]
[www.takfiris.com/takfir/archives/2011/01/index.html]
[www.takfiris.com/takfir/archives/2010/11/index.html]
[www.takfiris.com/takfir/archives/2010/03/index.html]
[www.takfiris.com/takfir/archives/2010/02/index.html]
[www.takfiris.com/takfir/index.html]
[www.takfiris.com/takfir/archives/2010/01/index.html]
[www.takfiris.com/takfir/images/bg1.gif]
[www.takfiris.com/takfir/archives/2009/12/index.html]
[www.takfiris.com/takfir/images/blockdefault.gif]
[www.takfiris.com/takfir/style.css]
[www.takfiris.com/takfir/about.html]
[www.takfiris.com/takfir/images/captchas/WUBAWM.jpg]
[www.takfiris.com/takfir/contact.html]
[www.takfiris.com/takfir/rss/categories/articles.cfm]
[www.takfiris.com/takfir/images/rssicon1.gif]
[www.takfiris.com/takfir/articles/vdeiu-ali-juraisha-major-ikhwaani-figurehead-emergence-of-the-takfiris-who-made-takfir-of-whole-societies.html]
[www.takfiris.com/takfir/articles/ezjol-fareed-abdul-khaliq-former-murshid-of-ikhwaan-the-origins-of-mass-takfir-of-muslim-societies-lie-in-the-books-of-sayyid-qutb.html]
[www.takfiris.com/takfir/articles/ihnep-ali-al-timimi-on-secular-laws-the-saudi-government-and-takfir.html]
[www.takfiris.com/takfir/categories/articles.html]
[www.takfiris.com/takfir/articles/wmagi-yusuf-al-qaradawi-the-takfir-of-all-societies-and-announcement-of-destructive-revolutions-in-the-final-works-of-sayyid-qutb.html]
[www.takfiris.com/takfir/reports.html]
[www.takfiris.com/takfir/signin.html]
[www.takfiris.com/takfir/search.html]
[www.takfiris.com/takfir/rss.html]
[www.takfiris.com/takfir/rss/index.html]
[www.takfiris.com/takfir/print585b.html]
[www.takfiris.com/takfir/assets/images/al-hamd-salat.gif]
[www.takfiris.com/takfir/assets/images/isis-takfiris-hazimi.png]
[www.takfiris.com/takfir/images/quote-start.gif]
[www.takfiris.com/takfir/articles/knqvq-isis-kharijites-execute-one-of-their-sharia-judges-hazimi-haddadis-and-takfiri-implosion.html]
[www.takfiris.com/takfir/authors/Admin.html]
[www.takfiris.com/takfir/print9f32.html]
[www.takfiris.com/takfir/assets/images/kharijites-major-sin-hukm.jpg]
[www.takfiris.com/takfir/articles/oyifg-the-kharijites-do-not-always-make-takfir-on-account-of-every-major-sin.html]
[www.takfiris.com/takfir/authors/Takfiris.Com.html]
[www.takfiris.com/takfir/printe1b7.html]
[www.takfiris.com/takfir/articles/ocpfv-shaykh-al-fawzaan-applying-the-label-of-kharijite-to-those-involved-in-bombings.html]
[www.takfiris.com/takfir/print883d.html]
[www.takfiris.com/takfir/assets/images/tarteeb-madaarik.png]
[www.takfiris.com/takfir/articles/dvbrv-the-kharijite-who-engineered-the-slaughter-of-sunni-scholars-at-the-hands-of-the-ubaydi-baatini-shiah.html]
[www.takfiris.com/takfir/print25d4.html]
[www.takfiris.com/takfir/assets/images/abu-waleed-takyeef-tafweed.png]
[www.takfiris.com/takfir/assets/audio/abu-walid-tafweed.mp3]
[www.takfiris.com/takfir/mp3player.swf]
[www.takfiris.com/takfir/assets/audio/abu-walid-taweel-takyeef.mp3]
[www.takfiris.com/takfir/articles/lpbyb-the-takfiri-retard-series-part-6-abu-waleed-redefines-takyeef-and-tafweed.html]
[www.takfiris.com/takfir/printf020.html]
[www.takfiris.com/takfir/assets/images/shk-abdul-muhsin-iraq-baiah.png]
[www.takfiris.com/takfir/articles/avcwd-shaykh-abdul-muhsin-those-who-have-given-bayah-to-al-baghdadi-isis.html]
[www.takfiris.com/takfir/printfbec.html]
[www.takfiris.com/takfir/assets/images/jabhah-saudi-exec-2-ISIS-sa.png]
[www.takfiris.com/takfir/assets/images/jabhah-saudi-exec-2-ISIS-sb.png]
[www.takfiris.com/takfir/assets/audio/jabhah-saudi-executes-two-ISIS-saudis.mp3]
[www.takfiris.com/takfir/articles/pqdbf-takfiris-on-steroids-3-saudi-member-of-jabhah-al-nusrah-executes-two-saudis-from-isis-daish.html]
[www.takfiris.com/takfir/print3ed4.html]
[www.takfiris.com/takfir/assets/images/jabhah-executes-isis-five-d.png]
[www.takfiris.com/takfir/assets/audio/jabhah-five-captured-isis-dogs-of-hellfire-deir-azzor.mp3]
[www.takfiris.com/takfir/assets/images/jabhah-executes-isis-seven.png]
[www.takfiris.com/takfir/assets/audio/jabhah-executes-seven-isis-in-syria.mp3]
[www.takfiris.com/takfir/assets/images/jabhah-takfir-of-isis-murta.png]
[www.takfiris.com/takfir/assets/audio/isis-captures-jabhah-isis-murtaddah.mp3]
[www.takfiris.com/takfir/articles/sewep-takfiris-on-steroids-the-alleged-jihad-of-the-dogs-of-hellfire---isis-and-al-nusrah-in-iraq-and-syria.html]
[www.takfiris.com/takfir/print126a.html]
[www.takfiris.com/takfir/assets/images/isis-nusrah-takfir.png]
[www.takfiris.com/takfir/assets/audio/ISIS-nusrah-takfir-a.mp3]
[www.takfiris.com/takfir/articles/xpxlk-takfiri-chaos-isis-make-takfir-and-kills-leader-of-al-nusrah.html]
[www.takfiris.com/takfir/printa67a.html]
[www.takfiris.com/takfir/assets/images/salafimediatakfirposter.jpg]
[www.takfiris.com/takfir/assets/images/salafimediatakfirposter2.jpg]
[www.takfiris.com/takfir/assets/images/retarded-takfiri-abuwaleed-qadar.png]
[www.takfiris.com/takfir/assets/audio/retard-abuwaleed-qadar.mp3]
[www.takfiris.com/takfir/articles/sybso-the-takfiri-retard-series-part-5-abu-waleed-reinvents-the-salafi-aqidah-in-less-than-30-seconds.html]
[www.takfiris.com/takfir/print973d.html]
[www.takfiris.com/takfir/assets/images/retarded-takfiri-abuwaleed.png]
[www.takfiris.com/takfir/assets/audio/retard-abuwaleed-dumb-thieves.mp3]
[www.takfiris.com/takfir/assets/images/retarded-takfiri-dumb-thieves.png]
[www.takfiris.com/takfir/articles/oqicq-the-takfiri-retard-series-part-4-abu-waleed-salafiyyah-and-dumb-thieves-caught-on-camera.html]
[www.takfiris.com/takfir/print3423.html]
[www.takfiris.com/takfir/assets/audio/retard-abuwaleed-falsehood-laugh.mp3]
[www.takfiris.com/takfir/articles/sothz-the-takfiri-retard-series-part-3-abu-waleed-and-falsehood-laughing-at-truth.html]
[www.takfiris.com/takfir/printbcba.html]
[www.takfiris.com/takfir/assets/audio/retard-abuwaleed-allahsnames.mp3]
[www.takfiris.com/takfir/articles/pthbk-the-takfiri-retard-series-part-2-abu-waleed-and-the-names-of-allaah.html]
[www.takfiris.com/takfir/print9765.html]
[www.takfiris.com/takfir/assets/audio/retard-abuwaleed-sunnahprophets.mp3]
[www.takfiris.com/takfir/articles/hdanu-the-mentally-retarded-takfiri-series-part-1-abu-waleed-and-the-sunnah-of-the-anbiyaa.html]
[www.takfiris.com/takfir/printc821.html]
[www.takfiris.com/takfir/assets/audio/bin-baz-land-of-islam.mp3]
[www.takfiris.com/takfir/articles/hnrnb-imaam-ibn-baz-on-when-a-land-is-a-land-of-islam-or-a-land-of-kufr.html]
[www.takfiris.com/takfir/printcefd.html]
[www.takfiris.com/takfir/assets/images/takfiris-derby-dawah.jpg]
[www.takfiris.com/takfir/assets/images/takfiris-theft-facebook.jpg]
[www.takfiris.com/takfir/assets/docs/Refuting-The-Notion-of-Bidah-Hassanah.pdf]
[www.takfiris.com/takfir/articles/bavkc-takfiri-dawah-thieves-the-derby-dawah-project.html]
[www.takfiris.com/takfir/print87a4.html]
[www.takfiris.com/takfir/assets/audio/sh-s-fawzan-on-benladen.mp3]
[www.takfiris.com/takfir/articles/cetiy-shaykh-al-fawzan-those-who-perform-terrorist-acts-are-worse-than-the-kharijites-of-old.html]
[www.takfiris.com/takfir/print7978.html]
[www.takfiris.com/takfir/articles/kpavv-usamah-bin-laden-is-a-takfiri-kharijite-and-is-worse-than-the-kharijites-of-old-by-far.html]
[www.takfiris.com/takfir/printb181.html]
[www.takfiris.com/takfir/articles/kvkrl-lashkar-e-taiba-takfiri-kharijites-upon-the-manhaj-of-al-ikhwan-al-muslimeen---part-4.html]
[www.takfiris.com/takfir/print2f53.html]
[www.takfiris.com/takfir/assets/images/lashkar-s-qutb.jpg]
[www.takfiris.com/takfir/assets/images/lashkar-aroor.jpg]
[www.takfiris.com/takfir/assets/images/lashkar-hak-kalimah-2.jpg]
[www.takfiris.com/takfir/assets/images/lashkar-hak-kalimah-1.jpg]
[www.takfiris.com/takfir/assets/images/lashkar-haakimiyyah-1.jpg]
[www.takfiris.com/takfir/articles/deruz-lashkar-e-taiba-takfiri-kharijites-upon-the-manhaj-of-al-ikhwan-al-muslimeen---part-3.html]
[www.takfiris.com/takfir/print33ea.html]
[www.takfiris.com/takfir/articles/faloq-lashkar-e-taiba-takfiri-kharijites-upon-the-manhaj-of-al-ikhwan-al-muslimeen---part-2.html]
[www.takfiris.com/takfir/print8a2c.html]
[www.takfiris.com/takfir/articles/gowwx-laskhar-e-taiba-takfiri-kharijites-upon-the-manhaj-of-al-ikhwan-al-muslimeen---part-1.html]
[www.takfiris.com/takfir/print6a78.html]
[www.takfiris.com/takfir/articles/ahptd-the-first-of-the-handholds-of-islam-to-be-broken-is-the-rule-al-hukm-and-the-last-is-the-prayer.html]
[www.takfiris.com/takfir/printe859.html]
[www.takfiris.com/takfir/articles/ortzt-shaykh-al-islam-ibn-taymiyyah-on-tabdeel-and-shar-mubaddal---part-1.html]
[www.takfiris.com/takfir/printa6e1.html]
[www.takfiris.com/takfir/assets/images/joseph-cohen-02a.gif]
[www.takfiris.com/takfir/assets/images/joseph-cohen-03a.gif]
[www.takfiris.com/takfir/assets/images/joseph-cohen-04a.gif]
[www.takfiris.com/takfir/assets/images/joseph-cohen-05a.gif]
[www.takfiris.com/takfir/assets/images/joseph-cohen-06a.gif]
[www.takfiris.com/takfir/assets/images/joseph-cohen-08a.gif]
[www.takfiris.com/takfir/assets/images/joseph-cohen-01a.gif]
[www.takfiris.com/takfir/assets/images/joseph-cohen-10a.gif]
[www.takfiris.com/takfir/assets/images/joseph-cohen-12a.gif]
[www.takfiris.com/takfir/assets/images/frank-cohen-nazi-a.gif]
[www.takfiris.com/takfir/articles/rnqiv-jewish-converts-to-islam-and-anti-semitism.html]
[www.takfiris.com/takfir/printfae6.html]
[www.takfiris.com/takfir/assets/images/ia-ibn-taymiyyah-imtinaa.gif]
[www.takfiris.com/takfir/articles/dawrs-invalidating-takfiri-doubts-part-1---concerning-al-iltizaam-and-al-imtinaa.html]
[www.takfiris.com/takfir/print72af.html]
[www.takfiris.com/takfir/assets/images/disclaimer-uk-laws.gif]
[www.takfiris.com/takfir/articles/ooxme-annihilating-the-doubts-of-20th-century-leninist-takfiris-part-1---concerning-al-imtinaa-and-al-iltizaam.html]
[www.takfiris.com/takfir/print3c84.html]
[www.takfiris.com/takfir/articles/rgbql-sayyid-qutb-and-the-french-connection-alexis-carrel---the-french-catholic-social-darwinist-doctor-that-influenced-qutbs-jaahiliyyah.html]
[www.takfiris.com/takfir/print1615.html]
[www.takfiris.com/takfir/assets/images/abu-hamza-takfir-faisal-vid.gif]
[www.takfiris.com/takfir/articles/esjal-abu-zubair-saleem-beg-promotes-and-defends-the-books-responsible-for-the-revival-of-sayyid-qutbs-jihad-and-takfir-in-21st-century-britain.html]
[www.takfiris.com/takfir/printc91d.html]
[www.takfiris.com/takfir/images/qnstart.gif]
[www.takfiris.com/takfir/images/qnend.gif]
[www.takfiris.com/takfir/articles/gdyjh-shaykh-ul-islam-ibn-taymiyyah-who-is-defined-as-a-haakim-ruler.html]
[www.takfiris.com/takfir/printa53c.html]
[www.takfiris.com/takfir/articles/wdzlo-abu-muhammad-al-maqdisi-isaam-barqawi.html]
[www.takfiris.com/takfir/printed6a.html]
[www.takfiris.com/takfir/assets/docs/awlaki-is-qutbi.pdf]
[www.takfiris.com/takfir/articles/potbo-anwar-awlaki-is-a-leninist-qutbi-and-is-free-of-salafiyyah.html]
[www.takfiris.com/takfir/print38ed.html]
[www.takfiris.com/takfir/articles/heigk-the-cult-of-omar-bakri-operating-within-the-united-kingdom-and-faking-attachment-to-salafiyyah.html]
[www.takfiris.com/takfir/print8ca8.html]
[www.takfiris.com/takfir/assets/images/dubur-on-takfir-qawl-1.gif]
[www.takfiris.com/takfir/assets/images/dubur-on-takfir-qawl-2.gif]
[www.takfiris.com/takfir/assets/images/dubur-on-takfir-qawl-3.gif]
[www.takfiris.com/takfir/articles/mlryz-summary-of-the-principles-concerning-takfir-of-a-specific-individual.html]
[www.takfiris.com/takfir/print595f.html]
[www.takfiris.com/takfir/assets/audio/ibn-jibreen-on-qawaaneen.ram]
[www.takfiris.com/takfir/articles/wurdh-ali-al-timimi-on-the-rulers-who-rule-by-secular-laws.html]
[www.takfiris.com/takfir/print9894.html]
[www.takfiris.com/takfir/assets/images/qayarawani-ijtihaad-bidah.gif]
[www.takfiris.com/takfir/articles/owscq-shaykh-ibn-jibreen-was-not-with-the-leninist-takfiri-kharijites-part-3---usama-bin-laden-and-followers-make-takfir-of-the-muslims.html]
[www.takfiris.com/takfir/printb2fc.html]
[www.takfiris.com/takfir/assets/images/khalidee-qutb-cover.gif]
[www.takfiris.com/takfir/articles/qyowp-the-leninist-revolutionary-manifesto-of-sayyid-qutb.html]
[www.takfiris.com/takfir/print7ecf.html]
[www.takfiris.com/takfir/assets/images/jewish-converts-cohen.gif]
[www.takfiris.com/takfir/articles/gvikf-the-role-of-converts-to-islam-in-the-leninist-takfiri-movement.html]
[www.takfiris.com/takfir/print9964.html]
[www.takfiris.com/takfir/articles/qyrnf-shaykh-salih-al-fawzans-refutation-of-salman-al-awdahs-generalized-mass-takfir-of-all-the-muslims.html]
[www.takfiris.com/takfir/printa0d3.html]
[www.takfiris.com/takfir/articles/aorjc-shaykh-salih-al-fawzan-on-the-salman-al-awdahs-saying-the-absent-ummah-this-necessitates-the-takfir-of-the-whole-ummah.html]
[www.takfiris.com/takfir/print1e1d.html]
[www.takfiris.com/takfir/articles/srjss-shaykh-ibn-jibreen-was-not-with-the-leninist-takfiri-kharijites-part-2.html]
[www.takfiris.com/takfir/printe052.html]
[www.takfiris.com/takfir/articles/eoizx-shaykh-ibn-jibreen-was-not-with-the-leninist-takfiri-kharijites-part-1---on-those-who-rule-by-secular-laws.html]
[www.takfiris.com/takfir/print938a.html]
[www.takfiris.com/takfir/assets/images/qaradawi-qutb-takfir-article.gif]
[www.takfiris.com/takfir/assets/images/shipwreck-qutbiyyah.gif]
[www.takfiris.com/takfir/articles/jqpkg-yusuf-al-qaradawi-the-new-qutbi-understanding-of-tawheed.html]
[www.takfiris.com/takfir/printe852.html]
[www.takfiris.com/takfir/articles/lyhev-yusuf-al-qaradawi-on-sayyid-qutb-all-muslims-are-kuffaar-mushrikeen-apostates-except-those-who-agree-with-my-ideology.html]
[www.takfiris.com/takfir/print2b71.html]
[www.takfiris.com/takfir/articles/xbnsa-yusuf-al-qaradawi-sayyid-qutb-makes-it-explicitly-clear-that-all-muslims-today-are-disbelievers.html]
[www.takfiris.com/takfir/printa79a.html]
[www.takfiris.com/takfir/articles/rxvjg-salaah-as-saawee-a-qutbi-theoretician-on-the-qutbiyyoon-and-the-basis-of-their-teachings.html]
[www.takfiris.com/takfir/articles/mcjur-ali-al-timimi-on-the-emergence-of-takfiri-leninism-in-1965-egypt-and-the-obligation-to-warn-from-its-evil.html]
[www.takfiris.com/takfir/print55f3.html]
[www.takfiris.com/takfir/print065a.html]
[www.takfiris.com/takfir/articles/pmjvl-fareed-abdul-khaliq-former-murshid-of-ikhwaan-the-emergence-of-the-doctrines-of-jaahliyyah-haakimiyyah-and-takfir-of-all-societies.html]
[www.takfiris.com/takfir/print13c7.html]
[www.takfiris.com/takfir/articles/hulwt-yusuf-al-qardawi-groups-known-as-the-qutbiyyoon-found-harboring-the-doctrines-of-takfir-found-in-az-zilaal.html]
[www.takfiris.com/takfir/print9469.html]
[www.takfiris.com/takfir/assets/audio/timimi-takfir-saudi-government.mp3]
[www.takfiris.com/takfir/articles/ptfnq-ali-al-timimi-on-the-saudi-government-being-an-islamic-government-and-how-to-rectify-oppression-and-tyranny.html]
[www.takfiris.com/takfir/series/the-revival-of-the-deen-of-the-khawaarij-in-the-20th-century.html]
[www.takfiris.com/takfir/print9734.html]
[www.takfiris.com/takfir/articles/zyxuc-the-khariijtes-will-continue-to-appear-and-be-cut-off-each-time-until-the-dajjaal-appears-in-their-later-remnants.html]
[www.takfiris.com/takfir/rss/tags/abdullah-al-faisal.cfm]
[www.takfiris.com/takfir/tags/abdullah-al-faisal.html]
[www.takfiris.com/takfir/rss/tags/abdullah-el-faisal.cfm]
[www.takfiris.com/takfir/tags/abdullah-el-faisal.html]
[www.takfiris.com/takfir/rss/tags/absent-ummah.cfm]
[www.takfiris.com/takfir/tags/absent-ummah.html]
[www.takfiris.com/takfir/rss/tags/abu-az-zubair-al-azzami.cfm]
[www.takfiris.com/takfir/tags/abu-az-zubair-al-azzami.html]
[www.takfiris.com/takfir/rss/tags/abu-muhammad-al-maqdisi.cfm]
[www.takfiris.com/takfir/tags/abu-muhammad-al-maqdisi.html]
[www.takfiris.com/takfir/rss/tags/abu-waleed.cfm]
[www.takfiris.com/takfir/tags/abu-waleed.html]
[www.takfiris.com/takfir/rss/tags/abu-zubair-saleem-beg.cfm]
[www.takfiris.com/takfir/tags/abu-zubair-saleem-beg.html]
[www.takfiris.com/takfir/rss/tags/adam-gadahn.cfm]
[www.takfiris.com/takfir/tags/adam-gadahn.html]
[www.takfiris.com/takfir/rss/tags/adam-pearlman.cfm]
[www.takfiris.com/takfir/tags/adam-pearlman.html]
[www.takfiris.com/takfir/rss/tags/al-ghurabaa.cfm]
[www.takfiris.com/takfir/tags/al-ghurabaa.html]
[www.takfiris.com/takfir/rss/tags/al-hukm.cfm]
[www.takfiris.com/takfir/tags/al-hukm.html]
[www.takfiris.com/takfir/rss/tags/al-maghrawi.cfm]
[www.takfiris.com/takfir/tags/al-maghrawi.html]
[www.takfiris.com/takfir/rss/tags/al-muhajiroon.cfm]
[www.takfiris.com/takfir/tags/al-muhajiroon.html]
[www.takfiris.com/takfir/rss/tags/al-muhajirun.cfm]
[www.takfiris.com/takfir/tags/al-muhajirun.html]
[www.takfiris.com/takfir/rss/tags/al-nusrah.cfm]
[www.takfiris.com/takfir/tags/al-nusrah.html]
[www.takfiris.com/takfir/rss/tags/alexis-carrel.cfm]
[www.takfiris.com/takfir/tags/alexis-carrel.html]
[www.takfiris.com/takfir/rss/tags/ali-al-timimi.cfm]
[www.takfiris.com/takfir/tags/ali-al-timimi.html]
[www.takfiris.com/takfir/rss/tags/ali-at-timimi.cfm]
[www.takfiris.com/takfir/tags/ali-at-timimi.html]
[www.takfiris.com/takfir/rss/tags/ali-juraisha.cfm]
[www.takfiris.com/takfir/tags/ali-juraisha.html]
[www.takfiris.com/takfir/rss/tags/anti-semitism.cfm]
[www.takfiris.com/takfir/tags/anti-semitism.html]
[www.takfiris.com/takfir/rss/tags/anwar-al-awlaki.cfm]
[www.takfiris.com/takfir/tags/anwar-al-awlaki.html]
[www.takfiris.com/takfir/rss/tags/baatiniyyah.cfm]
[www.takfiris.com/takfir/tags/baatiniyyah.html]
[www.takfiris.com/takfir/rss/tags/barbarism.cfm]
[www.takfiris.com/takfir/tags/barbarism.html]
[www.takfiris.com/takfir/rss/tags/bin-laden.cfm]
[www.takfiris.com/takfir/tags/bin-laden.html]
[www.takfiris.com/takfir/rss/tags/bin-ladin.cfm]
[www.takfiris.com/takfir/tags/bin-ladin.html]
[www.takfiris.com/takfir/rss/tags/dajjaal.cfm]
[www.takfiris.com/takfir/tags/dajjaal.html]
[www.takfiris.com/takfir/rss/tags/dajjal.cfm]
[www.takfiris.com/takfir/tags/dajjal.html]
[www.takfiris.com/takfir/rss/tags/dumb-takfiris.cfm]
[www.takfiris.com/takfir/tags/dumb-takfiris.html]
[www.takfiris.com/takfir/rss/tags/fake-salafis.cfm]
[www.takfiris.com/takfir/tags/fake-salafis.html]
[www.takfiris.com/takfir/rss/tags/fareed-abdul-khaliq.cfm]
[www.takfiris.com/takfir/tags/fareed-abdul-khaliq.html]
[www.takfiris.com/takfir/rss/tags/fawzan.cfm]
[www.takfiris.com/takfir/tags/fawzan.html]
[www.takfiris.com/takfir/rss/tags/ghulaat-al-murjiah.cfm]
[www.takfiris.com/takfir/tags/ghulaat-al-murjiah.html]
[www.takfiris.com/takfir/rss/tags/gulf-war.cfm]
[www.takfiris.com/takfir/tags/gulf-war.html]
[www.takfiris.com/takfir/rss/tags/haakim.cfm]
[www.takfiris.com/takfir/tags/haakim.html]
[www.takfiris.com/takfir/rss/tags/haakimiyyah.cfm]
[www.takfiris.com/takfir/tags/haakimiyyah.html]
[www.takfiris.com/takfir/rss/tags/hafiz-muhammad-saeed.cfm]
[www.takfiris.com/takfir/tags/hafiz-muhammad-saeed.html]
[www.takfiris.com/takfir/rss/tags/hizb-ut-tahrir.cfm]
[www.takfiris.com/takfir/tags/hizb-ut-tahrir.html]
[www.takfiris.com/takfir/rss/tags/hukkaam.cfm]
[www.takfiris.com/takfir/tags/hukkaam.html]
[www.takfiris.com/takfir/rss/tags/ibn-jibreen.cfm]
[www.takfiris.com/takfir/tags/ibn-jibreen.html]
[www.takfiris.com/takfir/rss/tags/ibn-jibrin.cfm]
[www.takfiris.com/takfir/tags/ibn-jibrin.html]
[www.takfiris.com/takfir/rss/tags/innovated-jihaad.cfm]
[www.takfiris.com/takfir/tags/innovated-jihaad.html]
[www.takfiris.com/takfir/rss/tags/isaam-barqawi.cfm]
[www.takfiris.com/takfir/tags/isaam-barqawi.html]
[www.takfiris.com/takfir/rss/tags/isis.cfm]
[www.takfiris.com/takfir/tags/isis.html]
[www.takfiris.com/takfir/rss/tags/islamic-awakening.cfm]
[www.takfiris.com/takfir/tags/islamic-awakening.html]
[www.takfiris.com/takfir/rss/tags/istibdaal.cfm]
[www.takfiris.com/takfir/tags/istibdaal.html]
[www.takfiris.com/takfir/rss/tags/jaahiliyyah.cfm]
[www.takfiris.com/takfir/tags/jaahiliyyah.html]
[www.takfiris.com/takfir/rss/tags/jahiliyyah.cfm]
[www.takfiris.com/takfir/tags/jahiliyyah.html]
[www.takfiris.com/takfir/rss/tags/joseph-cohen.cfm]
[www.takfiris.com/takfir/tags/joseph-cohen.html]
[www.takfiris.com/takfir/rss/tags/kharijites.cfm]
[www.takfiris.com/takfir/tags/kharijites.html]
[www.takfiris.com/takfir/rss/tags/khawarij.cfm]
[www.takfiris.com/takfir/tags/khawarij.html]
[www.takfiris.com/takfir/rss/tags/khurooj.cfm]
[www.takfiris.com/takfir/tags/khurooj.html]
[www.takfiris.com/takfir/rss/tags/kufr-bawah.cfm]
[www.takfiris.com/takfir/tags/kufr-bawah.html]
[www.takfiris.com/takfir/rss/tags/lashkar-e-taiba.cfm]
[www.takfiris.com/takfir/tags/lashkar-e-taiba.html]
[www.takfiris.com/takfir/rss/tags/laskhar-e-taiba.cfm]
[www.takfiris.com/takfir/tags/laskhar-e-taiba.html]
[www.takfiris.com/takfir/rss/tags/leninism.cfm]
[www.takfiris.com/takfir/tags/leninism.html]
[www.takfiris.com/takfir/rss/tags/leninist-takfiris.cfm]
[www.takfiris.com/takfir/tags/leninist-takfiris.html]
[www.takfiris.com/takfir/rss/tags/mental--retard.cfm]
[www.takfiris.com/takfir/tags/mental--retard.html]
[www.takfiris.com/takfir/rss/tags/mubaddal.cfm]
[www.takfiris.com/takfir/tags/mubaddal.html]
[www.takfiris.com/takfir/rss/tags/muhammad-al-maghrawi.cfm]
[www.takfiris.com/takfir/tags/muhammad-al-maghrawi.html]
[www.takfiris.com/takfir/rss/tags/omar-bakri.cfm]
[www.takfiris.com/takfir/tags/omar-bakri.html]
[www.takfiris.com/takfir/rss/tags/qawaaneen.cfm]
[www.takfiris.com/takfir/tags/qawaaneen.html]
[www.takfiris.com/takfir/rss/tags/qutb.cfm]
[www.takfiris.com/takfir/tags/qutb.html]
[www.takfiris.com/takfir/rss/tags/qutbis.cfm]
[www.takfiris.com/takfir/tags/qutbis.html]
[www.takfiris.com/takfir/rss/tags/qutbiyyah.cfm]
[www.takfiris.com/takfir/tags/qutbiyyah.html]
[www.takfiris.com/takfir/rss/tags/rebellion.cfm]
[www.takfiris.com/takfir/tags/rebellion.html]
[www.takfiris.com/takfir/rss/tags/revolt.cfm]
[www.takfiris.com/takfir/tags/revolt.html]
[www.takfiris.com/takfir/rss/tags/revolutionary-vanguard.cfm]
[www.takfiris.com/takfir/tags/revolutionary-vanguard.html]
[www.takfiris.com/takfir/rss/tags/safar-al-hawali.cfm]
[www.takfiris.com/takfir/tags/safar-al-hawali.html]
[www.takfiris.com/takfir/rss/tags/sahwah.cfm]
[www.takfiris.com/takfir/tags/sahwah.html]
[www.takfiris.com/takfir/rss/tags/salaah-as-saawee.cfm]
[www.takfiris.com/takfir/tags/salaah-as-saawee.html]
[www.takfiris.com/takfir/rss/tags/salah-as-sawi.cfm]
[www.takfiris.com/takfir/tags/salah-as-sawi.html]
[www.takfiris.com/takfir/rss/tags/saleem-beg.cfm]
[www.takfiris.com/takfir/tags/saleem-beg.html]
[www.takfiris.com/takfir/rss/tags/saleem-begg.cfm]
[www.takfiris.com/takfir/tags/saleem-begg.html]
[www.takfiris.com/takfir/rss/tags/salman-al-awdah.cfm]
[www.takfiris.com/takfir/tags/salman-al-awdah.html]
[www.takfiris.com/takfir/rss/tags/salman-awan.cfm]
[www.takfiris.com/takfir/tags/salman-awan.html]
[www.takfiris.com/takfir/rss/tags/saudi-arabia.cfm]
[www.takfiris.com/takfir/tags/saudi-arabia.html]
[www.takfiris.com/takfir/rss/tags/saudi-government.cfm]
[www.takfiris.com/takfir/tags/saudi-government.html]
[www.takfiris.com/takfir/rss/tags/sayyid-qutb.cfm]
[www.takfiris.com/takfir/tags/sayyid-qutb.html]
[www.takfiris.com/takfir/rss/tags/secular-laws.cfm]
[www.takfiris.com/takfir/tags/secular-laws.html]
[www.takfiris.com/takfir/rss/tags/secularism.cfm]
[www.takfiris.com/takfir/tags/secularism.html]
[www.takfiris.com/takfir/rss/tags/sinful-rulers.cfm]
[www.takfiris.com/takfir/tags/sinful-rulers.html]
[www.takfiris.com/takfir/rss/tags/suicide-bombings.cfm]
[www.takfiris.com/takfir/tags/suicide-bombings.html]
[www.takfiris.com/takfir/rss/tags/tabdeel.cfm]
[www.takfiris.com/takfir/tags/tabdeel.html]
[www.takfiris.com/takfir/rss/tags/takfeer.cfm]
[www.takfiris.com/takfir/tags/takfeer.html]
[www.takfiris.com/takfir/rss/tags/takfir.cfm]
[www.takfiris.com/takfir/tags/takfir.html]
[www.takfiris.com/takfir/rss/tags/takfir-al-muayyan.cfm]
[www.takfiris.com/takfir/tags/takfir-al-muayyan.html]
[www.takfiris.com/takfir/rss/tags/takfir-bil-ayn.cfm]
[www.takfiris.com/takfir/tags/takfir-bil-ayn.html]
[www.takfiris.com/takfir/rss/tags/takfir-of-actions.cfm]
[www.takfiris.com/takfir/tags/takfir-of-actions.html]
[www.takfiris.com/takfir/rss/tags/takfir-of-individuals.cfm]
[www.takfiris.com/takfir/tags/takfir-of-individuals.html]
[www.takfiris.com/takfir/rss/tags/takfir-of-sayings.cfm]
[www.takfiris.com/takfir/tags/takfir-of-sayings.html]
[www.takfiris.com/takfir/rss/tags/takfir-ul-fil.cfm]
[www.takfiris.com/takfir/tags/takfir-ul-fil.html]
[www.takfiris.com/takfir/rss/tags/takfir-ul-qawl.cfm]
[www.takfiris.com/takfir/tags/takfir-ul-qawl.html]
[www.takfiris.com/takfir/rss/tags/takfiri-movements.cfm]
[www.takfiris.com/takfir/tags/takfiri-movements.html]
[www.takfiris.com/takfir/rss/tags/takfiris.cfm]
[www.takfiris.com/takfir/tags/takfiris.html]
[www.takfiris.com/takfir/rss/tags/tyrannical-rulers.cfm]
[www.takfiris.com/takfir/tags/tyrannical-rulers.html]
[www.takfiris.com/takfir/rss/tags/usama-bin-laden.cfm]
[www.takfiris.com/takfir/tags/usama-bin-laden.html]
[www.takfiris.com/takfir/rss/tags/usama-bin-ladin.cfm]
[www.takfiris.com/takfir/tags/usama-bin-ladin.html]
[www.takfiris.com/takfir/rss/tags/usamah-bin-laden.cfm]
[www.takfiris.com/takfir/tags/usamah-bin-laden.html]
[www.takfiris.com/takfir/rss/tags/vladimir-lenin.cfm]
[www.takfiris.com/takfir/tags/vladimir-lenin.html]
[www.takfiris.com/takfir/rss/tags/yusuf-al-qaradawi.cfm]
[www.takfiris.com/takfir/tags/yusuf-al-qaradawi.html]
[www.takfiris.com/takfir/rss/tags/yusuf-khattab.cfm]
[www.takfiris.com/takfir/tags/yusuf-khattab.html]
[www.takfiris.com/takfir/archives/2015/03/index.html]
[www.takfiris.com/takfir/archives/2014/08/index.html]
[www.takfiris.com/takfir/archives/2014/07/index.html]
[www.takfiris.com/takfir/archives/2014/06/index.html]
[www.takfiris.com/takfir/archives/2014/05/index.html]
[www.takfiris.com/takfir/archives/2014/03/index.html]
[www.takfiris.com/takfir/archives/2014/01/index.html]
[www.takfiris.com/takfir/archives/2013/07/index.html]
[www.takfiris.com/takfir/archives/2013/06/index.html]
[www.takfiris.com/takfir/archives/2012/05/index.html]
[www.takfiris.com/takfir/archives/2011/12/index.html]
[www.takfiris.com/takfir/archives/2011/01/index.html]
[www.takfiris.com/takfir/archives/2010/11/index.html]
[www.takfiris.com/takfir/archives/2010/03/index.html]
[www.takfiris.com/takfir/archives/2010/02/index.html]
[www.takfiris.com/takfir/archives/2010/01/index.html]
[www.takfiris.com/takfir/archives/2009/12/index.html]
[www.takfiris.com/takfir/images/checkmarkbox.html]
[www.takfiris.com/takfir/images/blockactive.html]
[www.takfiris.com/takfir/images/bg-tag.html]
[www.takfiris.com/takfir/WUBAWM.html]
[www.takfiris.com/takfir/print62cd.html]
[www.takfiris.com/takfir/articles/vdeiu-ali-juraisha-major-ikhwaani-figurehead-emergence-of-the-takfiris-who-made-takfir-of-whole-societies.html]
[www.takfiris.com/takfir/printc30b.html]
[www.takfiris.com/takfir/articles/ezjol-fareed-abdul-khaliq-former-murshid-of-ikhwaan-the-origins-of-mass-takfir-of-muslim-societies-lie-in-the-books-of-sayyid-qutb.html]
[www.takfiris.com/takfir/print9f22.html]
[www.takfiris.com/takfir/articles/ihnep-ali-al-timimi-on-secular-laws-the-saudi-government-and-takfir.html]
[www.takfiris.com/takfir/print2d44.html]
[www.takfiris.com/takfir/articles/wmagi-yusuf-al-qaradawi-the-takfir-of-all-societies-and-announcement-of-destructive-revolutions-in-the-final-works-of-sayyid-qutb.html]
[www.takfiris.com/takfir/styleprint.css]
[www.takfiris.com/takfir/images/printheader.jpg]
[www.takfiris.com/takfir/print585b.html]
[www.takfiris.com/takfir/print9f32.html]
[www.takfiris.com/takfir/printe1b7.html]
[www.takfiris.com/takfir/print883d.html]
[www.takfiris.com/takfir/print25d4.html]
[www.takfiris.com/takfir/indexb2fc.html]
[www.takfiris.com/takfir/index973d.html]
[www.takfiris.com/takfir/printf020.html]
[www.takfiris.com/takfir/printfbec.html]
[www.takfiris.com/takfir/index9734.html]
[www.takfiris.com/takfir/print3ed4.html]
[www.takfiris.com/takfir/index126a.html]
[www.takfiris.com/takfir/print126a.html]
[www.takfiris.com/takfir/printa67a.html]
[www.takfiris.com/takfir/print973d.html]
[www.takfiris.com/takfir/indexcefd.html]
[www.takfiris.com/takfir/print3423.html]
[www.takfiris.com/takfir/printbcba.html]
[www.takfiris.com/takfir/print9765.html]
[www.takfiris.com/takfir/printc821.html]
[www.takfiris.com/takfir/printcefd.html]
[www.takfiris.com/takfir/print87a4.html]
[www.takfiris.com/takfir/print7978.html]
[www.takfiris.com/takfir/index9894.html]
[www.takfiris.com/takfir/indexe052.html]
[www.takfiris.com/takfir/printb181.html]
[www.takfiris.com/takfir/index8a2c.html]
[www.takfiris.com/takfir/print2f53.html]
[www.takfiris.com/takfir/index9964.html]
[www.takfiris.com/takfir/indexc30b.html]
[www.takfiris.com/takfir/print33ea.html]
[www.takfiris.com/takfir/print8a2c.html]
[www.takfiris.com/takfir/print6a78.html]
[www.takfiris.com/takfir/indexa0d3.html]
[www.takfiris.com/takfir/printe859.html]
[www.takfiris.com/takfir/index72af.html]
[www.takfiris.com/takfir/indexfae6.html]
[www.takfiris.com/takfir/printa6e1.html]
[www.takfiris.com/takfir/index7ecf.html]
[www.takfiris.com/takfir/printfae6.html]
[www.takfiris.com/takfir/print72af.html]
[www.takfiris.com/takfir/indexe852.html]
[www.takfiris.com/takfir/index2b71.html]
[www.takfiris.com/takfir/index065a.html]
[www.takfiris.com/takfir/index13c7.html]
[www.takfiris.com/takfir/index62cd.html]
[www.takfiris.com/takfir/index2d44.html]
[www.takfiris.com/takfir/print3c84.html]
[www.takfiris.com/takfir/print1615.html]
[www.takfiris.com/takfir/index938a.html]
[www.takfiris.com/takfir/index55f3.html]
[www.takfiris.com/takfir/printc91d.html]
[www.takfiris.com/takfir/printa53c.html]
[www.takfiris.com/takfir/index1615.html]
[www.takfiris.com/takfir/index9f22.html]
[www.takfiris.com/takfir/printed6a.html]
[www.takfiris.com/takfir/print38ed.html]
[www.takfiris.com/takfir/print8ca8.html]
[www.takfiris.com/takfir/print595f.html]
[www.takfiris.com/takfir/print9894.html]
[www.takfiris.com/takfir/index1e1d.html]
[www.takfiris.com/takfir/printb2fc.html]
[www.takfiris.com/takfir/print7ecf.html]
[www.takfiris.com/takfir/print9964.html]
[www.takfiris.com/takfir/printa0d3.html]
[www.takfiris.com/takfir/print1e1d.html]
[www.takfiris.com/takfir/printe052.html]
[www.takfiris.com/takfir/print938a.html]
[www.takfiris.com/takfir/indexa79a.html]
[www.takfiris.com/takfir/printe852.html]
[www.takfiris.com/takfir/articles/_a.html]
[www.takfiris.com/takfir/print2b71.html]
[www.takfiris.com/takfir/printa79a.html]
[www.takfiris.com/takfir/print55f3.html]
[www.takfiris.com/takfir/print065a.html]
[www.takfiris.com/takfir/print13c7.html]
[www.takfiris.com/takfir/print9469.html]
[www.takfiris.com/takfir/print9734.html]
[www.takfiris.com/takfir/print62cd.html]
[www.takfiris.com/takfir/printc30b.html]
[www.takfiris.com/takfir/print9f22.html]
[www.takfiris.com/takfir/print2d44.html]
[www.takfiris.com/takfir/tags.html]
[www.takfiris.com/takfir/styleprint.css]
[www.takfiris.com/takfir/_a.html]
[s7.addthis.com/static/btn/v2/lg-share-en.gif]
[s7.addthis.com/js/250/addthis_widget.js]
